<?xml version="1.0" encoding="ISO-8859-1" ?>
<link_info>
   <banner>TI ARM Linker PC v20.2.7.LTS</banner>
   <copyright>Copyright (c) 1996-2018 Texas Instruments Incorporated</copyright>
   <link_time>0x664e3e3a</link_time>
   <link_errors>0x0</link_errors>
   <output_file>aws-rest-api-ssl-demo.out</output_file>
   <entry_point>
      <name>_c_int00_noargs</name>
      <address>0x2000e435</address>
   </entry_point>
   <input_file_list>
      <input_file id="fl-2">
         <path>.\</path>
         <kind>object</kind>
         <file>Adafruit_GFX.obj</file>
         <name>Adafruit_GFX.obj</name>
      </input_file>
      <input_file id="fl-3">
         <path>.\</path>
         <kind>object</kind>
         <file>Adafruit_OLED.obj</file>
         <name>Adafruit_OLED.obj</name>
      </input_file>
      <input_file id="fl-4">
         <path>.\</path>
         <kind>object</kind>
         <file>main.obj</file>
         <name>main.obj</name>
      </input_file>
      <input_file id="fl-5">
         <path>.\</path>
         <kind>object</kind>
         <file>network_common.obj</file>
         <name>network_common.obj</name>
      </input_file>
      <input_file id="fl-6">
         <path>.\</path>
         <kind>object</kind>
         <file>oled_test.obj</file>
         <name>oled_test.obj</name>
      </input_file>
      <input_file id="fl-7">
         <path>.\</path>
         <kind>object</kind>
         <file>pin_mux_config.obj</file>
         <name>pin_mux_config.obj</name>
      </input_file>
      <input_file id="fl-8">
         <path>.\</path>
         <kind>object</kind>
         <file>startup_ccs.obj</file>
         <name>startup_ccs.obj</name>
      </input_file>
      <input_file id="fl-9">
         <path>.\</path>
         <kind>object</kind>
         <file>uart_if.obj</file>
         <name>uart_if.obj</name>
      </input_file>
      <input_file id="fl-a">
         <path>.\utils\</path>
         <kind>object</kind>
         <file>network_utils.obj</file>
         <name>network_utils.obj</name>
      </input_file>
      <input_file id="fl-10">
         <kind>object</kind>
         <file>&lt;internal&gt;</file>
         <name>&lt;internal&gt;</name>
      </input_file>
      <input_file id="fl-c6">
         <path>C:\ti\ccs1250\ccs\tools\compiler\ti-cgt-arm_20.2.7.LTS\lib\</path>
         <kind>archive</kind>
         <file>rtsv7M4_T_le_eabi.lib</file>
         <name>sprintf.c.obj</name>
      </input_file>
      <input_file id="fl-c7">
         <path>C:\ti\ccs1250\ccs\tools\compiler\ti-cgt-arm_20.2.7.LTS\lib\</path>
         <kind>archive</kind>
         <file>rtsv7M4_T_le_eabi.lib</file>
         <name>vsnprintf.c.obj</name>
      </input_file>
      <input_file id="fl-c8">
         <path>C:\ti\ccs1250\ccs\tools\compiler\ti-cgt-arm_20.2.7.LTS\lib\</path>
         <kind>archive</kind>
         <file>rtsv7M4_T_le_eabi.lib</file>
         <name>ll_mul_t2.asm.obj</name>
      </input_file>
      <input_file id="fl-c9">
         <path>C:\ti\ccs1250\ccs\tools\compiler\ti-cgt-arm_20.2.7.LTS\lib\</path>
         <kind>archive</kind>
         <file>rtsv7M4_T_le_eabi.lib</file>
         <name>memcpy_t2.asm.obj</name>
      </input_file>
      <input_file id="fl-ca">
         <path>C:\ti\ccs1250\ccs\tools\compiler\ti-cgt-arm_20.2.7.LTS\lib\</path>
         <kind>archive</kind>
         <file>rtsv7M4_T_le_eabi.lib</file>
         <name>memset_t2.asm.obj</name>
      </input_file>
      <input_file id="fl-cb">
         <path>C:\ti\ccs1250\ccs\tools\compiler\ti-cgt-arm_20.2.7.LTS\lib\</path>
         <kind>archive</kind>
         <file>rtsv7M4_T_le_eabi.lib</file>
         <name>ull_div_t2.asm.obj</name>
      </input_file>
      <input_file id="fl-cc">
         <path>C:\ti\ccs1250\ccs\tools\compiler\ti-cgt-arm_20.2.7.LTS\lib\</path>
         <kind>archive</kind>
         <file>rtsv7M4_T_le_eabi.lib</file>
         <name>copy_zero_init.c.obj</name>
      </input_file>
      <input_file id="fl-cd">
         <path>C:\ti\ccs1250\ccs\tools\compiler\ti-cgt-arm_20.2.7.LTS\lib\</path>
         <kind>archive</kind>
         <file>rtsv7M4_T_le_eabi.lib</file>
         <name>copy_decompress_none.c.obj</name>
      </input_file>
      <input_file id="fl-ce">
         <path>C:\ti\ccs1250\ccs\tools\compiler\ti-cgt-arm_20.2.7.LTS\lib\</path>
         <kind>archive</kind>
         <file>rtsv7M4_T_le_eabi.lib</file>
         <name>copy_decompress_lzss.c.obj</name>
      </input_file>
      <input_file id="fl-cf">
         <path>C:\ti\ccs1250\ccs\tools\compiler\ti-cgt-arm_20.2.7.LTS\lib\</path>
         <kind>archive</kind>
         <file>rtsv7M4_T_le_eabi.lib</file>
         <name>memmov.c.obj</name>
      </input_file>
      <input_file id="fl-d0">
         <path>C:\ti\ccs1250\ccs\tools\compiler\ti-cgt-arm_20.2.7.LTS\lib\</path>
         <kind>archive</kind>
         <file>rtsv7M4_T_le_eabi.lib</file>
         <name>memory.c.obj</name>
      </input_file>
      <input_file id="fl-d1">
         <path>C:\ti\ccs1250\ccs\tools\compiler\ti-cgt-arm_20.2.7.LTS\lib\</path>
         <kind>archive</kind>
         <file>rtsv7M4_T_le_eabi.lib</file>
         <name>strcpy.c.obj</name>
      </input_file>
      <input_file id="fl-d2">
         <path>C:\ti\ccs1250\ccs\tools\compiler\ti-cgt-arm_20.2.7.LTS\lib\</path>
         <kind>archive</kind>
         <file>rtsv7M4_T_le_eabi.lib</file>
         <name>strlen.c.obj</name>
      </input_file>
      <input_file id="fl-d3">
         <path>C:\ti\ccs1250\ccs\tools\compiler\ti-cgt-arm_20.2.7.LTS\lib\</path>
         <kind>archive</kind>
         <file>rtsv7M4_T_le_eabi.lib</file>
         <name>strncat.c.obj</name>
      </input_file>
      <input_file id="fl-d4">
         <path>C:\ti\ccs1250\ccs\tools\compiler\ti-cgt-arm_20.2.7.LTS\lib\</path>
         <kind>archive</kind>
         <file>rtsv7M4_T_le_eabi.lib</file>
         <name>boot_cortex_m.c.obj</name>
      </input_file>
      <input_file id="fl-d5">
         <path>C:\ti\ccs1250\ccs\tools\compiler\ti-cgt-arm_20.2.7.LTS\lib\</path>
         <kind>archive</kind>
         <file>rtsv7M4_T_le_eabi.lib</file>
         <name>_printfi.c.obj</name>
      </input_file>
      <input_file id="fl-d6">
         <path>C:\ti\ccs1250\ccs\tools\compiler\ti-cgt-arm_20.2.7.LTS\lib\</path>
         <kind>archive</kind>
         <file>rtsv7M4_T_le_eabi.lib</file>
         <name>div0.asm.obj</name>
      </input_file>
      <input_file id="fl-d7">
         <path>C:\ti\ccs1250\ccs\tools\compiler\ti-cgt-arm_20.2.7.LTS\lib\</path>
         <kind>archive</kind>
         <file>rtsv7M4_T_le_eabi.lib</file>
         <name>fd_add_t2.asm.obj</name>
      </input_file>
      <input_file id="fl-d8">
         <path>C:\ti\ccs1250\ccs\tools\compiler\ti-cgt-arm_20.2.7.LTS\lib\</path>
         <kind>archive</kind>
         <file>rtsv7M4_T_le_eabi.lib</file>
         <name>fd_cmp_t2.asm.obj</name>
      </input_file>
      <input_file id="fl-d9">
         <path>C:\ti\ccs1250\ccs\tools\compiler\ti-cgt-arm_20.2.7.LTS\lib\</path>
         <kind>archive</kind>
         <file>rtsv7M4_T_le_eabi.lib</file>
         <name>fd_div_t2.asm.obj</name>
      </input_file>
      <input_file id="fl-da">
         <path>C:\ti\ccs1250\ccs\tools\compiler\ti-cgt-arm_20.2.7.LTS\lib\</path>
         <kind>archive</kind>
         <file>rtsv7M4_T_le_eabi.lib</file>
         <name>fd_mul_t2.asm.obj</name>
      </input_file>
      <input_file id="fl-db">
         <path>C:\ti\ccs1250\ccs\tools\compiler\ti-cgt-arm_20.2.7.LTS\lib\</path>
         <kind>archive</kind>
         <file>rtsv7M4_T_le_eabi.lib</file>
         <name>fd_toi_t2.asm.obj</name>
      </input_file>
      <input_file id="fl-dc">
         <path>C:\ti\ccs1250\ccs\tools\compiler\ti-cgt-arm_20.2.7.LTS\lib\</path>
         <kind>archive</kind>
         <file>rtsv7M4_T_le_eabi.lib</file>
         <name>i_tofd_t2.asm.obj</name>
      </input_file>
      <input_file id="fl-dd">
         <path>C:\ti\ccs1250\ccs\tools\compiler\ti-cgt-arm_20.2.7.LTS\lib\</path>
         <kind>archive</kind>
         <file>rtsv7M4_T_le_eabi.lib</file>
         <name>autoinit.c.obj</name>
      </input_file>
      <input_file id="fl-de">
         <path>C:\ti\ccs1250\ccs\tools\compiler\ti-cgt-arm_20.2.7.LTS\lib\</path>
         <kind>archive</kind>
         <file>rtsv7M4_T_le_eabi.lib</file>
         <name>pre_init.c.obj</name>
      </input_file>
      <input_file id="fl-df">
         <path>C:\ti\ccs1250\ccs\tools\compiler\ti-cgt-arm_20.2.7.LTS\lib\</path>
         <kind>archive</kind>
         <file>rtsv7M4_T_le_eabi.lib</file>
         <name>cpy_tbl.c.obj</name>
      </input_file>
      <input_file id="fl-e0">
         <path>C:\ti\ccs1250\ccs\tools\compiler\ti-cgt-arm_20.2.7.LTS\lib\</path>
         <kind>archive</kind>
         <file>rtsv7M4_T_le_eabi.lib</file>
         <name>exit.c.obj</name>
      </input_file>
      <input_file id="fl-e1">
         <path>C:\ti\ccs1250\ccs\tools\compiler\ti-cgt-arm_20.2.7.LTS\lib\</path>
         <kind>archive</kind>
         <file>rtsv7M4_T_le_eabi.lib</file>
         <name>_lock.c.obj</name>
      </input_file>
      <input_file id="fl-e2">
         <path>C:\ti\ccs1250\ccs\tools\compiler\ti-cgt-arm_20.2.7.LTS\lib\</path>
         <kind>archive</kind>
         <file>rtsv7M4_T_le_eabi.lib</file>
         <name>_ltoa.c.obj</name>
      </input_file>
      <input_file id="fl-e3">
         <path>C:\ti\ccs1250\ccs\tools\compiler\ti-cgt-arm_20.2.7.LTS\lib\</path>
         <kind>archive</kind>
         <file>rtsv7M4_T_le_eabi.lib</file>
         <name>args_main.c.obj</name>
      </input_file>
      <input_file id="fl-e4">
         <path>C:\ti\ccs1250\ccs\tools\compiler\ti-cgt-arm_20.2.7.LTS\lib\</path>
         <kind>archive</kind>
         <file>rtsv7M4_T_le_eabi.lib</file>
         <name>atoi.c.obj</name>
      </input_file>
      <input_file id="fl-e5">
         <path>C:\ti\ccs1250\ccs\tools\compiler\ti-cgt-arm_20.2.7.LTS\lib\</path>
         <kind>archive</kind>
         <file>rtsv7M4_T_le_eabi.lib</file>
         <name>ctype.c.obj</name>
      </input_file>
      <input_file id="fl-e6">
         <path>C:\ti\ccs1250\ccs\tools\compiler\ti-cgt-arm_20.2.7.LTS\lib\</path>
         <kind>archive</kind>
         <file>rtsv7M4_T_le_eabi.lib</file>
         <name>memccpy.c.obj</name>
      </input_file>
      <input_file id="fl-e7">
         <path>C:\ti\ccs1250\ccs\tools\compiler\ti-cgt-arm_20.2.7.LTS\lib\</path>
         <kind>archive</kind>
         <file>rtsv7M4_T_le_eabi.lib</file>
         <name>strchr.c.obj</name>
      </input_file>
      <input_file id="fl-e8">
         <path>C:\ti\ccs1250\ccs\tools\compiler\ti-cgt-arm_20.2.7.LTS\lib\</path>
         <kind>archive</kind>
         <file>rtsv7M4_T_le_eabi.lib</file>
         <name>errno.c.obj</name>
      </input_file>
      <input_file id="fl-e9">
         <path>C:\ti\ccs1250\ccs\tools\compiler\ti-cgt-arm_20.2.7.LTS\lib\</path>
         <kind>archive</kind>
         <file>rtsv7M4_T_le_eabi.lib</file>
         <name>wcslen.c.obj</name>
      </input_file>
      <input_file id="fl-ea">
         <path>C:\ti\ccs1250\ccs\tools\compiler\ti-cgt-arm_20.2.7.LTS\lib\</path>
         <kind>archive</kind>
         <file>rtsv7M4_T_le_eabi.lib</file>
         <name>s_frexp.c.obj</name>
      </input_file>
      <input_file id="fl-eb">
         <path>C:\ti\ccs1250\ccs\tools\compiler\ti-cgt-arm_20.2.7.LTS\lib\</path>
         <kind>archive</kind>
         <file>rtsv7M4_T_le_eabi.lib</file>
         <name>s_scalbn.c.obj</name>
      </input_file>
      <input_file id="fl-ec">
         <path>C:\ti\ccs1250\ccs\tools\compiler\ti-cgt-arm_20.2.7.LTS\lib\</path>
         <kind>archive</kind>
         <file>rtsv7M4_T_le_eabi.lib</file>
         <name>s_copysign.c.obj</name>
      </input_file>
      <input_file id="fl-ed">
         <path>C:\ti\CC3200SDK_1.5.0\cc3200-sdk\driverlib\ccs\Release\</path>
         <kind>archive</kind>
         <file>driverlib.a</file>
         <name>gpio.obj</name>
      </input_file>
      <input_file id="fl-ee">
         <path>C:\ti\CC3200SDK_1.5.0\cc3200-sdk\driverlib\ccs\Release\</path>
         <kind>archive</kind>
         <file>driverlib.a</file>
         <name>interrupt.obj</name>
      </input_file>
      <input_file id="fl-ef">
         <path>C:\ti\CC3200SDK_1.5.0\cc3200-sdk\driverlib\ccs\Release\</path>
         <kind>archive</kind>
         <file>driverlib.a</file>
         <name>pin.obj</name>
      </input_file>
      <input_file id="fl-f0">
         <path>C:\ti\CC3200SDK_1.5.0\cc3200-sdk\driverlib\ccs\Release\</path>
         <kind>archive</kind>
         <file>driverlib.a</file>
         <name>prcm.obj</name>
      </input_file>
      <input_file id="fl-f1">
         <path>C:\ti\CC3200SDK_1.5.0\cc3200-sdk\driverlib\ccs\Release\</path>
         <kind>archive</kind>
         <file>driverlib.a</file>
         <name>spi.obj</name>
      </input_file>
      <input_file id="fl-f2">
         <path>C:\ti\CC3200SDK_1.5.0\cc3200-sdk\driverlib\ccs\Release\</path>
         <kind>archive</kind>
         <file>driverlib.a</file>
         <name>systick.obj</name>
      </input_file>
      <input_file id="fl-f3">
         <path>C:\ti\CC3200SDK_1.5.0\cc3200-sdk\driverlib\ccs\Release\</path>
         <kind>archive</kind>
         <file>driverlib.a</file>
         <name>uart.obj</name>
      </input_file>
      <input_file id="fl-f4">
         <path>C:\ti\CC3200SDK_1.5.0\cc3200-sdk\driverlib\ccs\Release\</path>
         <kind>archive</kind>
         <file>driverlib.a</file>
         <name>utils.obj</name>
      </input_file>
      <input_file id="fl-f5">
         <path>C:\ti\CC3200SDK_1.5.0\cc3200-sdk\driverlib\ccs\Release\</path>
         <kind>archive</kind>
         <file>driverlib.a</file>
         <name>cpu.obj</name>
      </input_file>
      <input_file id="fl-f6">
         <path>C:\ti\CC3200SDK_1.5.0\cc3200-sdk\driverlib\ccs\Release\</path>
         <kind>archive</kind>
         <file>driverlib.a</file>
         <name>flash.obj</name>
      </input_file>
      <input_file id="fl-f7">
         <path>C:\ti\CC3200SDK_1.5.0\cc3200-sdk\simplelink\ccs\NON_OS\</path>
         <kind>archive</kind>
         <file>simplelink.a</file>
         <name>device.obj</name>
      </input_file>
      <input_file id="fl-f8">
         <path>C:\ti\CC3200SDK_1.5.0\cc3200-sdk\simplelink\ccs\NON_OS\</path>
         <kind>archive</kind>
         <file>simplelink.a</file>
         <name>driver.obj</name>
      </input_file>
      <input_file id="fl-f9">
         <path>C:\ti\CC3200SDK_1.5.0\cc3200-sdk\simplelink\ccs\NON_OS\</path>
         <kind>archive</kind>
         <file>simplelink.a</file>
         <name>netapp.obj</name>
      </input_file>
      <input_file id="fl-fa">
         <path>C:\ti\CC3200SDK_1.5.0\cc3200-sdk\simplelink\ccs\NON_OS\</path>
         <kind>archive</kind>
         <file>simplelink.a</file>
         <name>netcfg.obj</name>
      </input_file>
      <input_file id="fl-fb">
         <path>C:\ti\CC3200SDK_1.5.0\cc3200-sdk\simplelink\ccs\NON_OS\</path>
         <kind>archive</kind>
         <file>simplelink.a</file>
         <name>nonos.obj</name>
      </input_file>
      <input_file id="fl-fc">
         <path>C:\ti\CC3200SDK_1.5.0\cc3200-sdk\simplelink\ccs\NON_OS\</path>
         <kind>archive</kind>
         <file>simplelink.a</file>
         <name>socket.obj</name>
      </input_file>
      <input_file id="fl-fd">
         <path>C:\ti\CC3200SDK_1.5.0\cc3200-sdk\simplelink\ccs\NON_OS\</path>
         <kind>archive</kind>
         <file>simplelink.a</file>
         <name>wlan.obj</name>
      </input_file>
      <input_file id="fl-fe">
         <path>C:\ti\CC3200SDK_1.5.0\cc3200-sdk\simplelink\ccs\NON_OS\</path>
         <kind>archive</kind>
         <file>simplelink.a</file>
         <name>cc_pal.obj</name>
      </input_file>
      <input_file id="fl-ff">
         <path>C:\ti\CC3200SDK_1.5.0\cc3200-sdk\driverlib\ccs\Release\</path>
         <kind>archive</kind>
         <file>driverlib.a</file>
         <name>timer.obj</name>
      </input_file>
      <input_file id="fl-100">
         <path>C:\ti\CC3200SDK_1.5.0\cc3200-sdk\driverlib\ccs\Release\</path>
         <kind>archive</kind>
         <file>driverlib.a</file>
         <name>udma.obj</name>
      </input_file>
   </input_file_list>
   <object_component_list>
      <object_component id="oc-12">
         <name>.intvecs</name>
         <load_address>0x20004000</load_address>
         <run_address>0x20004000</run_address>
         <size>0x400</size>
         <input_file_ref idref="fl-8"/>
      </object_component>
      <object_component id="oc-97">
         <name>.text</name>
         <load_address>0x20004400</load_address>
         <run_address>0x20004400</run_address>
         <size>0xf5c</size>
         <input_file_ref idref="fl-4"/>
      </object_component>
      <object_component id="oc-1ab">
         <name>.text</name>
         <load_address>0x2000535c</load_address>
         <run_address>0x2000535c</run_address>
         <size>0xe8c</size>
         <input_file_ref idref="fl-a"/>
      </object_component>
      <object_component id="oc-1b7">
         <name>.text</name>
         <load_address>0x200061e8</load_address>
         <run_address>0x200061e8</run_address>
         <size>0xab0</size>
         <input_file_ref idref="fl-2"/>
      </object_component>
      <object_component id="oc-3e3">
         <name>.text:__TI_printfi</name>
         <load_address>0x20006c98</load_address>
         <run_address>0x20006c98</run_address>
         <size>0xa4e</size>
         <input_file_ref idref="fl-d5"/>
      </object_component>
      <object_component id="oc-880">
         <name>.text:IntDefaultHandler</name>
         <load_address>0x200076e6</load_address>
         <run_address>0x200076e6</run_address>
         <size>0x2</size>
         <input_file_ref idref="fl-ee"/>
      </object_component>
      <object_component id="oc-67b">
         <name>.text:_SlDrvMsgRead</name>
         <load_address>0x200076e8</load_address>
         <run_address>0x200076e8</run_address>
         <size>0x590</size>
         <input_file_ref idref="fl-f8"/>
      </object_component>
      <object_component id="oc-17b">
         <name>.text</name>
         <load_address>0x20007c78</load_address>
         <run_address>0x20007c78</run_address>
         <size>0x49a</size>
         <input_file_ref idref="fl-3"/>
      </object_component>
      <object_component id="oc-647">
         <name>.text:_nop</name>
         <load_address>0x20008112</load_address>
         <run_address>0x20008112</run_address>
         <size>0x2</size>
         <input_file_ref idref="fl-e1"/>
      </object_component>
      <object_component id="oc-3a9">
         <name>.text:sl_WlanConnect</name>
         <load_address>0x20008114</load_address>
         <run_address>0x20008114</run_address>
         <size>0x280</size>
         <input_file_ref idref="fl-fd"/>
      </object_component>
      <object_component id="oc-e3">
         <name>.text</name>
         <load_address>0x20008394</load_address>
         <run_address>0x20008394</run_address>
         <size>0x27c</size>
         <input_file_ref idref="fl-9"/>
      </object_component>
      <object_component id="oc-5fd">
         <name>.text:_pconv_a</name>
         <load_address>0x20008610</load_address>
         <run_address>0x20008610</run_address>
         <size>0x268</size>
         <input_file_ref idref="fl-d5"/>
      </object_component>
      <object_component id="oc-827">
         <name>.text:_SlDrvRxHdrRead</name>
         <load_address>0x20008878</load_address>
         <run_address>0x20008878</run_address>
         <size>0x248</size>
         <input_file_ref idref="fl-f8"/>
      </object_component>
      <object_component id="oc-411">
         <name>.text:_SlDrvDataReadOp</name>
         <load_address>0x20008ac0</load_address>
         <run_address>0x20008ac0</run_address>
         <size>0x1e4</size>
         <input_file_ref idref="fl-f8"/>
      </object_component>
      <object_component id="oc-52e">
         <name>.text:_SlDrvReleasePoolObj</name>
         <load_address>0x20008ca4</load_address>
         <run_address>0x20008ca4</run_address>
         <size>0x1d0</size>
         <input_file_ref idref="fl-f8"/>
      </object_component>
      <object_component id="oc-5eb">
         <name>.text:_pconv_g</name>
         <load_address>0x20008e74</load_address>
         <run_address>0x20008e74</run_address>
         <size>0x1cc</size>
         <input_file_ref idref="fl-d5"/>
      </object_component>
      <object_component id="oc-79b">
         <name>.text</name>
         <load_address>0x20009040</load_address>
         <run_address>0x20009040</run_address>
         <size>0x1b6</size>
         <input_file_ref idref="fl-d7"/>
      </object_component>
      <object_component id="oc-2a2">
         <name>.text</name>
         <load_address>0x200091f6</load_address>
         <run_address>0x200091f6</run_address>
         <size>0x2</size>
         <input_file_ref idref="fl-d6"/>
      </object_component>
      <object_component id="oc-504">
         <name>.text:_SlDrvDriverCBInit</name>
         <load_address>0x200091f8</load_address>
         <run_address>0x200091f8</run_address>
         <size>0x1b4</size>
         <input_file_ref idref="fl-f8"/>
      </object_component>
      <object_component id="oc-45b">
         <name>.text:_SlDrvMsgWrite</name>
         <load_address>0x200093ac</load_address>
         <run_address>0x200093ac</run_address>
         <size>0x19c</size>
         <input_file_ref idref="fl-f8"/>
      </object_component>
      <object_component id="oc-59d">
         <name>.text:_SlDrvWaitForPoolObj</name>
         <load_address>0x20009548</load_address>
         <run_address>0x20009548</run_address>
         <size>0x190</size>
         <input_file_ref idref="fl-f8"/>
      </object_component>
      <object_component id="oc-3d2">
         <name>.text:sl_Connect</name>
         <load_address>0x200096d8</load_address>
         <run_address>0x200096d8</run_address>
         <size>0x18c</size>
         <input_file_ref idref="fl-fc"/>
      </object_component>
      <object_component id="oc-d7">
         <name>.text:PRCMCC3200MCUInit</name>
         <load_address>0x20009864</load_address>
         <run_address>0x20009864</run_address>
         <size>0x178</size>
         <input_file_ref idref="fl-f0"/>
      </object_component>
      <object_component id="oc-839">
         <name>.text:_SlFindAndSetActiveObj</name>
         <load_address>0x200099dc</load_address>
         <run_address>0x200099dc</run_address>
         <size>0x170</size>
         <input_file_ref idref="fl-f8"/>
      </object_component>
      <object_component id="oc-3fd">
         <name>.text:_SlDrvDataWriteOp</name>
         <load_address>0x20009b4c</load_address>
         <run_address>0x20009b4c</run_address>
         <size>0x150</size>
         <input_file_ref idref="fl-f8"/>
      </object_component>
      <object_component id="oc-50a">
         <name>.text:spi_Open</name>
         <load_address>0x20009c9c</load_address>
         <run_address>0x20009c9c</run_address>
         <size>0x148</size>
         <input_file_ref idref="fl-fe"/>
      </object_component>
      <object_component id="oc-461">
         <name>.text:_SlDrvMsgReadCmdCtx</name>
         <load_address>0x20009de4</load_address>
         <run_address>0x20009de4</run_address>
         <size>0x144</size>
         <input_file_ref idref="fl-f8"/>
      </object_component>
      <object_component id="oc-3b4">
         <name>.text:sl_NetAppDnsGetHostByName</name>
         <load_address>0x20009f28</load_address>
         <run_address>0x20009f28</run_address>
         <size>0x144</size>
         <input_file_ref idref="fl-f9"/>
      </object_component>
      <object_component id="oc-5f7">
         <name>.text:_pconv_e</name>
         <load_address>0x2000a06c</load_address>
         <run_address>0x2000a06c</run_address>
         <size>0x13c</size>
         <input_file_ref idref="fl-d5"/>
      </object_component>
      <object_component id="oc-781">
         <name>.text</name>
         <load_address>0x2000a1a8</load_address>
         <run_address>0x2000a1a8</run_address>
         <size>0x136</size>
         <input_file_ref idref="fl-d9"/>
      </object_component>
      <object_component id="oc-1c6">
         <name>.text:sl_Send</name>
         <load_address>0x2000a2e0</load_address>
         <run_address>0x2000a2e0</run_address>
         <size>0x134</size>
         <input_file_ref idref="fl-fc"/>
      </object_component>
      <object_component id="oc-55c">
         <name>.text:_SlDrvDriverCBDeinit</name>
         <load_address>0x2000a414</load_address>
         <run_address>0x2000a414</run_address>
         <size>0x130</size>
         <input_file_ref idref="fl-f8"/>
      </object_component>
      <object_component id="oc-13f">
         <name>.text</name>
         <load_address>0x2000a544</load_address>
         <run_address>0x2000a544</run_address>
         <size>0x130</size>
         <input_file_ref idref="fl-7"/>
      </object_component>
      <object_component id="oc-7ad">
         <name>.text:fcvt</name>
         <load_address>0x2000a674</load_address>
         <run_address>0x2000a674</run_address>
         <size>0x120</size>
         <input_file_ref idref="fl-d5"/>
      </object_component>
      <object_component id="oc-8ed">
         <name>.text:_SlDrvNetAppEventHandler</name>
         <load_address>0x2000a794</load_address>
         <run_address>0x2000a794</run_address>
         <size>0x104</size>
         <input_file_ref idref="fl-f9"/>
      </object_component>
      <object_component id="oc-49f">
         <name>.text:aligned_alloc</name>
         <load_address>0x2000a898</load_address>
         <run_address>0x2000a898</run_address>
         <size>0x100</size>
         <input_file_ref idref="fl-d0"/>
      </object_component>
      <object_component id="oc-77c">
         <name>.text</name>
         <load_address>0x2000a998</load_address>
         <run_address>0x2000a998</run_address>
         <size>0xfc</size>
         <input_file_ref idref="fl-da"/>
      </object_component>
      <object_component id="oc-36c">
         <name>.text:sl_Stop</name>
         <load_address>0x2000aa94</load_address>
         <run_address>0x2000aa94</run_address>
         <size>0xf0</size>
         <input_file_ref idref="fl-f7"/>
      </object_component>
      <object_component id="oc-833">
         <name>.text:spi_Read</name>
         <load_address>0x2000ab84</load_address>
         <run_address>0x2000ab84</run_address>
         <size>0xf0</size>
         <input_file_ref idref="fl-fe"/>
      </object_component>
      <object_component id="oc-948">
         <name>.text:uDMAChannelTransferSet</name>
         <load_address>0x2000ac74</load_address>
         <run_address>0x2000ac74</run_address>
         <size>0xf0</size>
         <input_file_ref idref="fl-100"/>
      </object_component>
      <object_component id="oc-35a">
         <name>.text:sl_Start</name>
         <load_address>0x2000ad64</load_address>
         <run_address>0x2000ad64</run_address>
         <size>0xec</size>
         <input_file_ref idref="fl-f7"/>
      </object_component>
      <object_component id="oc-681">
         <name>.text:_SlAsyncEventGenericHandler</name>
         <load_address>0x2000ae50</load_address>
         <run_address>0x2000ae50</run_address>
         <size>0xe8</size>
         <input_file_ref idref="fl-f8"/>
      </object_component>
      <object_component id="oc-694">
         <name>.text:_SlDrvMsgReadSpawnCtx</name>
         <load_address>0x2000af38</load_address>
         <run_address>0x2000af38</run_address>
         <size>0xe8</size>
         <input_file_ref idref="fl-f8"/>
      </object_component>
      <object_component id="oc-28a">
         <name>.text:free</name>
         <load_address>0x2000b020</load_address>
         <run_address>0x2000b020</run_address>
         <size>0xe4</size>
         <input_file_ref idref="fl-d0"/>
      </object_component>
      <object_component id="oc-284">
         <name>.text:realloc</name>
         <load_address>0x2000b104</load_address>
         <run_address>0x2000b104</run_address>
         <size>0xe4</size>
         <input_file_ref idref="fl-d0"/>
      </object_component>
      <object_component id="oc-587">
         <name>.text:sl_NetAppMDNSRegisterUnregisterService</name>
         <load_address>0x2000b1e8</load_address>
         <run_address>0x2000b1e8</run_address>
         <size>0xe4</size>
         <input_file_ref idref="fl-f9"/>
      </object_component>
      <object_component id="oc-82d">
         <name>.text:_SlDrvClassifyRxMsg</name>
         <load_address>0x2000b2cc</load_address>
         <run_address>0x2000b2cc</run_address>
         <size>0xdc</size>
         <input_file_ref idref="fl-f8"/>
      </object_component>
      <object_component id="oc-4f1">
         <name>.text:SPITransfer32</name>
         <load_address>0x2000b3a8</load_address>
         <run_address>0x2000b3a8</run_address>
         <size>0xd0</size>
         <input_file_ref idref="fl-f1"/>
      </object_component>
      <object_component id="oc-7c1">
         <name>.text:scalbn</name>
         <load_address>0x2000b478</load_address>
         <run_address>0x2000b478</run_address>
         <size>0xd0</size>
         <input_file_ref idref="fl-eb"/>
      </object_component>
      <object_component id="oc-4eb">
         <name>.text:SPITransfer16</name>
         <load_address>0x2000b548</load_address>
         <run_address>0x2000b548</run_address>
         <size>0xce</size>
         <input_file_ref idref="fl-f1"/>
      </object_component>
      <object_component id="oc-973">
         <name>.text:_sl_HandleAsync_DnsGetHostByService</name>
         <load_address>0x2000b618</load_address>
         <run_address>0x2000b618</run_address>
         <size>0xcc</size>
         <input_file_ref idref="fl-f9"/>
      </object_component>
      <object_component id="oc-372">
         <name>.text:sl_DevGet</name>
         <load_address>0x2000b6e4</load_address>
         <run_address>0x2000b6e4</run_address>
         <size>0xcc</size>
         <input_file_ref idref="fl-f7"/>
      </object_component>
      <object_component id="oc-720">
         <name>.text:_SlRemoveFromList</name>
         <load_address>0x2000b7b0</load_address>
         <run_address>0x2000b7b0</run_address>
         <size>0xc4</size>
         <input_file_ref idref="fl-f8"/>
      </object_component>
      <object_component id="oc-24c">
         <name>.text:_SlDrvCmdOp</name>
         <load_address>0x2000b874</load_address>
         <run_address>0x2000b874</run_address>
         <size>0xc0</size>
         <input_file_ref idref="fl-f8"/>
      </object_component>
      <object_component id="oc-4e5">
         <name>.text:SPITransfer8</name>
         <load_address>0x2000b934</load_address>
         <run_address>0x2000b934</run_address>
         <size>0xb8</size>
         <input_file_ref idref="fl-f1"/>
      </object_component>
      <object_component id="oc-5e0">
         <name>.text:_ltostr</name>
         <load_address>0x2000b9ec</load_address>
         <run_address>0x2000b9ec</run_address>
         <size>0xb1</size>
         <input_file_ref idref="fl-d5"/>
      </object_component>
      <object_component id="oc-62f">
         <name>.text:_SlNonOsSemGet</name>
         <load_address>0x2000baa0</load_address>
         <run_address>0x2000baa0</run_address>
         <size>0xb0</size>
         <input_file_ref idref="fl-fb"/>
      </object_component>
      <object_component id="oc-705">
         <name>.text:IntDisable</name>
         <load_address>0x2000bb50</load_address>
         <run_address>0x2000bb50</run_address>
         <size>0xa8</size>
         <input_file_ref idref="fl-ee"/>
      </object_component>
      <object_component id="oc-d1">
         <name>.text:IntEnable</name>
         <load_address>0x2000bbf8</load_address>
         <run_address>0x2000bbf8</run_address>
         <size>0xa8</size>
         <input_file_ref idref="fl-ee"/>
      </object_component>
      <object_component id="oc-687">
         <name>.text:_SlDriverHandleError</name>
         <load_address>0x2000bca0</load_address>
         <run_address>0x2000bca0</run_address>
         <size>0xa4</size>
         <input_file_ref idref="fl-f8"/>
      </object_component>
      <object_component id="oc-16f">
         <name>.text:SPIConfigSetExpClk</name>
         <load_address>0x2000bd44</load_address>
         <run_address>0x2000bd44</run_address>
         <size>0xa0</size>
         <input_file_ref idref="fl-f1"/>
      </object_component>
      <object_component id="oc-1d2">
         <name>.text:sl_Recv</name>
         <load_address>0x2000bde4</load_address>
         <run_address>0x2000bde4</run_address>
         <size>0xa0</size>
         <input_file_ref idref="fl-fc"/>
      </object_component>
      <object_component id="oc-3d">
         <name>.text</name>
         <load_address>0x2000be84</load_address>
         <run_address>0x2000be84</run_address>
         <size>0x9c</size>
         <input_file_ref idref="fl-c9"/>
      </object_component>
      <object_component id="oc-959">
         <name>.text:_SlDrvDeviceEventHandler</name>
         <load_address>0x2000bf20</load_address>
         <run_address>0x2000bf20</run_address>
         <size>0x9a</size>
         <input_file_ref idref="fl-f7"/>
      </object_component>
      <object_component id="oc-dd">
         <name>.text:sl_DevSet</name>
         <load_address>0x2000bfbc</load_address>
         <run_address>0x2000bfbc</run_address>
         <size>0x98</size>
         <input_file_ref idref="fl-f7"/>
      </object_component>
      <object_component id="oc-38a">
         <name>.text:sl_NetCfgSet</name>
         <load_address>0x2000c054</load_address>
         <run_address>0x2000c054</run_address>
         <size>0x98</size>
         <input_file_ref idref="fl-fa"/>
      </object_component>
      <object_component id="oc-3cc">
         <name>.text:sl_SetSockOpt</name>
         <load_address>0x2000c0ec</load_address>
         <run_address>0x2000c0ec</run_address>
         <size>0x98</size>
         <input_file_ref idref="fl-fc"/>
      </object_component>
      <object_component id="oc-390">
         <name>.text:sl_WlanSet</name>
         <load_address>0x2000c184</load_address>
         <run_address>0x2000c184</run_address>
         <size>0x98</size>
         <input_file_ref idref="fl-fd"/>
      </object_component>
      <object_component id="oc-671">
         <name>.text:spi_Write</name>
         <load_address>0x2000c21c</load_address>
         <run_address>0x2000c21c</run_address>
         <size>0x98</size>
         <input_file_ref idref="fl-fe"/>
      </object_component>
      <object_component id="oc-fb">
         <name>.text</name>
         <load_address>0x2000c2b4</load_address>
         <run_address>0x2000c2b4</run_address>
         <size>0x96</size>
         <input_file_ref idref="fl-cb"/>
      </object_component>
      <object_component id="oc-145">
         <name>.text:PRCMPeripheralClockGet</name>
         <load_address>0x2000c34c</load_address>
         <run_address>0x2000c34c</run_address>
         <size>0x94</size>
         <input_file_ref idref="fl-f0"/>
      </object_component>
      <object_component id="oc-96d">
         <name>.text:_sl_HandleAsync_DnsGetHostByName</name>
         <load_address>0x2000c3e0</load_address>
         <run_address>0x2000c3e0</run_address>
         <size>0x90</size>
         <input_file_ref idref="fl-f9"/>
      </object_component>
      <object_component id="oc-8f3">
         <name>.text:_sl_HandleAsync_PingResponse</name>
         <load_address>0x2000c470</load_address>
         <run_address>0x2000c470</run_address>
         <size>0x90</size>
         <input_file_ref idref="fl-f9"/>
      </object_component>
      <object_component id="oc-378">
         <name>.text:sl_WlanPolicySet</name>
         <load_address>0x2000c500</load_address>
         <run_address>0x2000c500</run_address>
         <size>0x90</size>
         <input_file_ref idref="fl-fd"/>
      </object_component>
      <object_component id="oc-8fa">
         <name>.text:SetupDMAReceive</name>
         <load_address>0x2000c590</load_address>
         <run_address>0x2000c590</run_address>
         <size>0x8c</size>
         <input_file_ref idref="fl-fe"/>
      </object_component>
      <object_component id="oc-80c">
         <name>.text:SetupDMASend</name>
         <load_address>0x2000c61c</load_address>
         <run_address>0x2000c61c</run_address>
         <size>0x8c</size>
         <input_file_ref idref="fl-fe"/>
      </object_component>
      <object_component id="oc-7f1">
         <name>.text:_SlDrvIsTimeoutExpired</name>
         <load_address>0x2000c6a8</load_address>
         <run_address>0x2000c6a8</run_address>
         <size>0x8c</size>
         <input_file_ref idref="fl-f8"/>
      </object_component>
      <object_component id="oc-9cc">
         <name>.text:_sl_HandleAsync_InitComplete</name>
         <load_address>0x2000c734</load_address>
         <run_address>0x2000c734</run_address>
         <size>0x8c</size>
         <input_file_ref idref="fl-f7"/>
      </object_component>
      <object_component id="oc-3c6">
         <name>.text:sl_Socket</name>
         <load_address>0x2000c7c0</load_address>
         <run_address>0x2000c7c0</run_address>
         <size>0x8c</size>
         <input_file_ref idref="fl-fc"/>
      </object_component>
      <object_component id="oc-4c8">
         <name>.text:PinConfigSet</name>
         <load_address>0x2000c84c</load_address>
         <run_address>0x2000c84c</run_address>
         <size>0x88</size>
         <input_file_ref idref="fl-ef"/>
      </object_component>
      <object_component id="oc-339">
         <name>.text:SPITransfer</name>
         <load_address>0x2000c8d4</load_address>
         <run_address>0x2000c8d4</run_address>
         <size>0x88</size>
         <input_file_ref idref="fl-f1"/>
      </object_component>
      <object_component id="oc-5e6">
         <name>.text:__aeabi_cdcmple</name>
         <load_address>0x2000c95c</load_address>
         <run_address>0x2000c95c</run_address>
         <size>0x86</size>
         <input_file_ref idref="fl-d8"/>
      </object_component>
      <object_component id="oc-786">
         <name>.text:__aeabi_cdrcmple</name>
         <load_address>0x2000c9e2</load_address>
         <run_address>0x2000c9e2</run_address>
         <size>0x86</size>
         <input_file_ref idref="fl-d8"/>
      </object_component>
      <object_component id="oc-39f">
         <name>.text:sl_WlanRxFilterSet</name>
         <load_address>0x2000ca68</load_address>
         <run_address>0x2000ca68</run_address>
         <size>0x84</size>
         <input_file_ref idref="fl-fd"/>
      </object_component>
      <object_component id="oc-19f">
         <name>.text:GPIOIntTypeSet</name>
         <load_address>0x2000caec</load_address>
         <run_address>0x2000caec</run_address>
         <size>0x82</size>
         <input_file_ref idref="fl-ed"/>
      </object_component>
      <object_component id="oc-995">
         <name>.text:_sl_HandleAsync_Connect</name>
         <load_address>0x2000cb70</load_address>
         <run_address>0x2000cb70</run_address>
         <size>0x80</size>
         <input_file_ref idref="fl-fc"/>
      </object_component>
      <object_component id="oc-900">
         <name>.text:spi_Read_CPU</name>
         <load_address>0x2000cbf0</load_address>
         <run_address>0x2000cbf0</run_address>
         <size>0x80</size>
         <input_file_ref idref="fl-fe"/>
      </object_component>
      <object_component id="oc-81e">
         <name>.text:spi_Write_CPU</name>
         <load_address>0x2000cc70</load_address>
         <run_address>0x2000cc70</run_address>
         <size>0x80</size>
         <input_file_ref idref="fl-fe"/>
      </object_component>
      <object_component id="oc-8b">
         <name>.text</name>
         <load_address>0x2000ccf0</load_address>
         <run_address>0x2000ccf0</run_address>
         <size>0x7a</size>
         <input_file_ref idref="fl-ca"/>
      </object_component>
      <object_component id="oc-556">
         <name>.text:spi_Close</name>
         <load_address>0x2000cd6c</load_address>
         <run_address>0x2000cd6c</run_address>
         <size>0x78</size>
         <input_file_ref idref="fl-fe"/>
      </object_component>
      <object_component id="oc-14b">
         <name>.text:UARTConfigSetExpClk</name>
         <load_address>0x2000cde4</load_address>
         <run_address>0x2000cde4</run_address>
         <size>0x76</size>
         <input_file_ref idref="fl-f3"/>
      </object_component>
      <object_component id="oc-360">
         <name>.text:_SlNonOsMainLoopTask</name>
         <load_address>0x2000ce5c</load_address>
         <run_address>0x2000ce5c</run_address>
         <size>0x74</size>
         <input_file_ref idref="fl-fb"/>
      </object_component>
      <object_component id="oc-4ac">
         <name>.text:split</name>
         <load_address>0x2000ced0</load_address>
         <run_address>0x2000ced0</run_address>
         <size>0x70</size>
         <input_file_ref idref="fl-d0"/>
      </object_component>
      <object_component id="oc-7a6">
         <name>.text:_mcpy</name>
         <load_address>0x2000cf40</load_address>
         <run_address>0x2000cf40</run_address>
         <size>0x6e</size>
         <input_file_ref idref="fl-d5"/>
      </object_component>
      <object_component id="oc-9e4">
         <name>.text:_SlDrvCmdSend</name>
         <load_address>0x2000cfb0</load_address>
         <run_address>0x2000cfb0</run_address>
         <size>0x6c</size>
         <input_file_ref idref="fl-f8"/>
      </object_component>
      <object_component id="oc-97f">
         <name>.text:_sl_NetAppSendTokenValue</name>
         <load_address>0x2000d01c</load_address>
         <run_address>0x2000d01c</run_address>
         <size>0x6c</size>
         <input_file_ref idref="fl-f9"/>
      </object_component>
      <object_component id="oc-15">
         <name>.text:decompress:lzss:__TI_decompress_lzss</name>
         <load_address>0x2000d088</load_address>
         <run_address>0x2000d088</run_address>
         <size>0x68</size>
         <input_file_ref idref="fl-ce"/>
      </object_component>
      <object_component id="oc-68d">
         <name>.text:_SlNonOsSpawn</name>
         <load_address>0x2000d0f0</load_address>
         <run_address>0x2000d0f0</run_address>
         <size>0x64</size>
         <input_file_ref idref="fl-fb"/>
      </object_component>
      <object_component id="oc-98f">
         <name>.text:_sl_HandleAsync_Accept</name>
         <load_address>0x2000d154</load_address>
         <run_address>0x2000d154</run_address>
         <size>0x64</size>
         <input_file_ref idref="fl-fc"/>
      </object_component>
      <object_component id="oc-396">
         <name>.text:sl_NetAppMDNSUnRegisterService</name>
         <load_address>0x2000d1b8</load_address>
         <run_address>0x2000d1b8</run_address>
         <size>0x64</size>
         <input_file_ref idref="fl-f9"/>
      </object_component>
      <object_component id="oc-856">
         <name>.text:uDMAChannelAttributeDisable</name>
         <load_address>0x2000d21c</load_address>
         <run_address>0x2000d21c</run_address>
         <size>0x64</size>
         <input_file_ref idref="fl-100"/>
      </object_component>
      <object_component id="oc-942">
         <name>.text:uDMAChannelAttributeEnable</name>
         <load_address>0x2000d280</load_address>
         <run_address>0x2000d280</run_address>
         <size>0x64</size>
         <input_file_ref idref="fl-100"/>
      </object_component>
      <object_component id="oc-1cc">
         <name>.text:sl_Close</name>
         <load_address>0x2000d2e4</load_address>
         <run_address>0x2000d2e4</run_address>
         <size>0x60</size>
         <input_file_ref idref="fl-fc"/>
      </object_component>
      <object_component id="oc-37e">
         <name>.text:sl_WlanProfileDel</name>
         <load_address>0x2000d344</load_address>
         <run_address>0x2000d344</run_address>
         <size>0x60</size>
         <input_file_ref idref="fl-fd"/>
      </object_component>
      <object_component id="oc-366">
         <name>.text:sl_WlanSetMode</name>
         <load_address>0x2000d3a4</load_address>
         <run_address>0x2000d3a4</run_address>
         <size>0x60</size>
         <input_file_ref idref="fl-fd"/>
      </object_component>
      <object_component id="oc-7bb">
         <name>.text:frexp</name>
         <load_address>0x2000d404</load_address>
         <run_address>0x2000d404</run_address>
         <size>0x5c</size>
         <input_file_ref idref="fl-ea"/>
      </object_component>
      <object_component id="oc-711">
         <name>.text:IntPendClear</name>
         <load_address>0x2000d460</load_address>
         <run_address>0x2000d460</run_address>
         <size>0x58</size>
         <input_file_ref idref="fl-ee"/>
      </object_component>
      <object_component id="oc-163">
         <name>.text:PRCMPeripheralReset</name>
         <load_address>0x2000d4b8</load_address>
         <run_address>0x2000d4b8</run_address>
         <size>0x58</size>
         <input_file_ref idref="fl-f0"/>
      </object_component>
      <object_component id="oc-5f1">
         <name>.text:_pconv_f</name>
         <load_address>0x2000d510</load_address>
         <run_address>0x2000d510</run_address>
         <size>0x56</size>
         <input_file_ref idref="fl-d5"/>
      </object_component>
      <object_component id="oc-6e3">
         <name>.text:IntPrioritySet</name>
         <load_address>0x2000d568</load_address>
         <run_address>0x2000d568</run_address>
         <size>0x54</size>
         <input_file_ref idref="fl-ee"/>
      </object_component>
      <object_component id="oc-53a">
         <name>.text:_SlDrvRxIrqHandler</name>
         <load_address>0x2000d5bc</load_address>
         <run_address>0x2000d5bc</run_address>
         <size>0x54</size>
         <input_file_ref idref="fl-f8"/>
      </object_component>
      <object_component id="oc-790">
         <name>.text:__TI_ltoa</name>
         <load_address>0x2000d610</load_address>
         <run_address>0x2000d610</run_address>
         <size>0x54</size>
         <input_file_ref idref="fl-e2"/>
      </object_component>
      <object_component id="oc-99b">
         <name>.text:_sl_HandleAsync_Select</name>
         <load_address>0x2000d664</load_address>
         <run_address>0x2000d664</run_address>
         <size>0x54</size>
         <input_file_ref idref="fl-fc"/>
      </object_component>
      <object_component id="oc-7a0">
         <name>.text:_ecpy</name>
         <load_address>0x2000d6b8</load_address>
         <run_address>0x2000d6b8</run_address>
         <size>0x52</size>
         <input_file_ref idref="fl-d5"/>
      </object_component>
      <object_component id="oc-9a1">
         <name>.text:_sl_HandleAsync_Stop</name>
         <load_address>0x2000d70c</load_address>
         <run_address>0x2000d70c</run_address>
         <size>0x50</size>
         <input_file_ref idref="fl-f7"/>
      </object_component>
      <object_component id="oc-6e9">
         <name>.text:SPIIntEnable</name>
         <load_address>0x2000d75c</load_address>
         <run_address>0x2000d75c</run_address>
         <size>0x4c</size>
         <input_file_ref idref="fl-f1"/>
      </object_component>
      <object_component id="oc-890">
         <name>.text:SPIIntNumberGet</name>
         <load_address>0x2000d7a8</load_address>
         <run_address>0x2000d7a8</run_address>
         <size>0x4c</size>
         <input_file_ref idref="fl-f1"/>
      </object_component>
      <object_component id="oc-510">
         <name>.text:_SlDrvProtectAsyncRespSetting</name>
         <load_address>0x2000d7f4</load_address>
         <run_address>0x2000d7f4</run_address>
         <size>0x4c</size>
         <input_file_ref idref="fl-f8"/>
      </object_component>
      <object_component id="oc-5c8">
         <name>.text:_sl_BuildAddress</name>
         <load_address>0x2000d840</load_address>
         <run_address>0x2000d840</run_address>
         <size>0x4c</size>
         <input_file_ref idref="fl-fc"/>
      </object_component>
      <object_component id="oc-5da">
         <name>.text:atoi</name>
         <load_address>0x2000d88c</load_address>
         <run_address>0x2000d88c</run_address>
         <size>0x4c</size>
         <input_file_ref idref="fl-e4"/>
      </object_component>
      <object_component id="oc-850">
         <name>.text:uDMAChannelAssign</name>
         <load_address>0x2000d8d8</load_address>
         <run_address>0x2000d8d8</run_address>
         <size>0x4c</size>
         <input_file_ref idref="fl-100"/>
      </object_component>
      <object_component id="oc-349">
         <name>.text:GPIOGetIntNumber</name>
         <load_address>0x2000d924</load_address>
         <run_address>0x2000d924</run_address>
         <size>0x48</size>
         <input_file_ref idref="fl-ed"/>
      </object_component>
      <object_component id="oc-874">
         <name>.text:SPIIntClear</name>
         <load_address>0x2000d96c</load_address>
         <run_address>0x2000d96c</run_address>
         <size>0x48</size>
         <input_file_ref idref="fl-f1"/>
      </object_component>
      <object_component id="oc-572">
         <name>.text:_SlDrvBasicCmd</name>
         <load_address>0x2000d9b4</load_address>
         <run_address>0x2000d9b4</run_address>
         <size>0x48</size>
         <input_file_ref idref="fl-f8"/>
      </object_component>
      <object_component id="oc-78b">
         <name>.text</name>
         <load_address>0x2000d9fc</load_address>
         <run_address>0x2000d9fc</run_address>
         <size>0x48</size>
         <input_file_ref idref="fl-db"/>
      </object_component>
      <object_component id="oc-864">
         <name>.text:SPIDmaMaskGet</name>
         <load_address>0x2000da44</load_address>
         <run_address>0x2000da44</run_address>
         <size>0x44</size>
         <input_file_ref idref="fl-f1"/>
      </object_component>
      <object_component id="oc-9ad">
         <name>.text:TimerConfigure</name>
         <load_address>0x2000da88</load_address>
         <run_address>0x2000da88</run_address>
         <size>0x44</size>
         <input_file_ref idref="fl-ff"/>
      </object_component>
      <object_component id="oc-31b">
         <name>.text:UARTIntNumberGet</name>
         <load_address>0x2000dacc</load_address>
         <run_address>0x2000dacc</run_address>
         <size>0x44</size>
         <input_file_ref idref="fl-f3"/>
      </object_component>
      <object_component id="oc-9dd">
         <name>.text:_SlDrvHandleHttpServerEvents</name>
         <load_address>0x2000db10</load_address>
         <run_address>0x2000db10</run_address>
         <size>0x44</size>
         <input_file_ref idref="fl-f8"/>
      </object_component>
      <object_component id="oc-528">
         <name>.text:_SlDrvSyncObjWaitTimeout</name>
         <load_address>0x2000db54</load_address>
         <run_address>0x2000db54</run_address>
         <size>0x44</size>
         <input_file_ref idref="fl-f8"/>
      </object_component>
      <object_component id="oc-1ea">
         <name>.text:__TI_auto_init_nobinit_nopinit:__TI_auto_init_nobinit_nopinit</name>
         <load_address>0x2000db98</load_address>
         <run_address>0x2000db98</run_address>
         <size>0x44</size>
         <input_file_ref idref="fl-dd"/>
      </object_component>
      <object_component id="oc-8d9">
         <name>.text:cc_SetupTransfer</name>
         <load_address>0x2000dbdc</load_address>
         <run_address>0x2000dbdc</run_address>
         <size>0x44</size>
         <input_file_ref idref="fl-fe"/>
      </object_component>
      <object_component id="oc-3c0">
         <name>.text:sl_Htonl</name>
         <load_address>0x2000dc20</load_address>
         <run_address>0x2000dc20</run_address>
         <size>0x42</size>
         <input_file_ref idref="fl-fc"/>
      </object_component>
      <object_component id="oc-2ee">
         <name>.text:PinModeSet</name>
         <load_address>0x2000dc64</load_address>
         <run_address>0x2000dc64</run_address>
         <size>0x40</size>
         <input_file_ref idref="fl-ef"/>
      </object_component>
      <object_component id="oc-965">
         <name>.text:_SlDrvHandleNetAppEvents</name>
         <load_address>0x2000dca4</load_address>
         <run_address>0x2000dca4</run_address>
         <size>0x40</size>
         <input_file_ref idref="fl-f8"/>
      </object_component>
      <object_component id="oc-95f">
         <name>.text:_SlDrvHandleWlanEvents</name>
         <load_address>0x2000dce4</load_address>
         <run_address>0x2000dce4</run_address>
         <size>0x40</size>
         <input_file_ref idref="fl-f8"/>
      </object_component>
      <object_component id="oc-3f7">
         <name>.text:_sl_TruncatePayloadByProtocol</name>
         <load_address>0x2000dd24</load_address>
         <run_address>0x2000dd24</run_address>
         <size>0x40</size>
         <input_file_ref idref="fl-fc"/>
      </object_component>
      <object_component id="oc-1c0">
         <name>.text:sprintf</name>
         <load_address>0x2000dd64</load_address>
         <run_address>0x2000dd64</run_address>
         <size>0x40</size>
         <input_file_ref idref="fl-c6"/>
      </object_component>
      <object_component id="oc-26c">
         <name>.text:vsnprintf</name>
         <load_address>0x2000dda4</load_address>
         <run_address>0x2000dda4</run_address>
         <size>0x40</size>
         <input_file_ref idref="fl-c7"/>
      </object_component>
      <object_component id="oc-51c">
         <name>.text:NwpRegisterInterruptHandler</name>
         <load_address>0x2000dde4</load_address>
         <run_address>0x2000dde4</run_address>
         <size>0x3e</size>
         <input_file_ref idref="fl-fe"/>
      </object_component>
      <object_component id="oc-7b3">
         <name>.text:_fcpy</name>
         <load_address>0x2000de22</load_address>
         <run_address>0x2000de22</run_address>
         <size>0x3e</size>
         <input_file_ref idref="fl-d5"/>
      </object_component>
      <object_component id="oc-986">
         <name>.text:CopyPingResultsToReport</name>
         <load_address>0x2000de60</load_address>
         <run_address>0x2000de60</run_address>
         <size>0x3c</size>
         <input_file_ref idref="fl-f9"/>
      </object_component>
      <object_component id="oc-15d">
         <name>.text:PRCMPeripheralClkEnable</name>
         <load_address>0x2000de9c</load_address>
         <run_address>0x2000de9c</run_address>
         <size>0x3c</size>
         <input_file_ref idref="fl-f0"/>
      </object_component>
      <object_component id="oc-92f">
         <name>.text:simplelink_timerA2_start</name>
         <load_address>0x2000ded8</load_address>
         <run_address>0x2000ded8</run_address>
         <size>0x3c</size>
         <input_file_ref idref="fl-fe"/>
      </object_component>
      <object_component id="oc-3ba">
         <name>.text:sl_Htons</name>
         <load_address>0x2000df14</load_address>
         <run_address>0x2000df14</run_address>
         <size>0x3c</size>
         <input_file_ref idref="fl-fc"/>
      </object_component>
      <object_component id="oc-93c">
         <name>.text:uDMAChannelControlSet</name>
         <load_address>0x2000df50</load_address>
         <run_address>0x2000df50</run_address>
         <size>0x3c</size>
         <input_file_ref idref="fl-100"/>
      </object_component>
      <object_component id="oc-516">
         <name>.text:NwpPowerOff</name>
         <load_address>0x2000df8c</load_address>
         <run_address>0x2000df8c</run_address>
         <size>0x38</size>
         <input_file_ref idref="fl-fe"/>
      </object_component>
      <object_component id="oc-384">
         <name>.text:sl_WlanDisconnect</name>
         <load_address>0x2000dfc4</load_address>
         <run_address>0x2000dfc4</run_address>
         <size>0x38</size>
         <input_file_ref idref="fl-fd"/>
      </object_component>
      <object_component id="oc-2fa">
         <name>.text:GPIODirModeSet</name>
         <load_address>0x2000dffc</load_address>
         <run_address>0x2000dffc</run_address>
         <size>0x36</size>
         <input_file_ref idref="fl-ed"/>
      </object_component>
      <object_component id="oc-6c5">
         <name>.text:PRCMPeripheralStatusGet</name>
         <load_address>0x2000e034</load_address>
         <run_address>0x2000e034</run_address>
         <size>0x34</size>
         <input_file_ref idref="fl-f0"/>
      </object_component>
      <object_component id="oc-6dd">
         <name>.text:SPIFIFOLevelSet</name>
         <load_address>0x2000e068</load_address>
         <run_address>0x2000e068</run_address>
         <size>0x34</size>
         <input_file_ref idref="fl-f1"/>
      </object_component>
      <object_component id="oc-2f4">
         <name>.text:PinTypeGPIO</name>
         <load_address>0x2000e09c</load_address>
         <run_address>0x2000e09c</run_address>
         <size>0x30</size>
         <input_file_ref idref="fl-ef"/>
      </object_component>
      <object_component id="oc-30e">
         <name>.text:UARTDisable</name>
         <load_address>0x2000e0cc</load_address>
         <run_address>0x2000e0cc</run_address>
         <size>0x30</size>
         <input_file_ref idref="fl-f3"/>
      </object_component>
      <object_component id="oc-484">
         <name>.text:_outs</name>
         <load_address>0x2000e0fc</load_address>
         <run_address>0x2000e0fc</run_address>
         <size>0x30</size>
         <input_file_ref idref="fl-c7"/>
      </object_component>
      <object_component id="oc-796">
         <name>.text</name>
         <load_address>0x2000e12c</load_address>
         <run_address>0x2000e12c</run_address>
         <size>0x2e</size>
         <input_file_ref idref="fl-dc"/>
      </object_component>
      <object_component id="oc-130">
         <name>.text:strncat</name>
         <load_address>0x2000e15a</load_address>
         <run_address>0x2000e15a</run_address>
         <size>0x2e</size>
         <input_file_ref idref="fl-d3"/>
      </object_component>
      <object_component id="oc-522">
         <name>.text:NwpPowerOn</name>
         <load_address>0x2000e188</load_address>
         <run_address>0x2000e188</run_address>
         <size>0x2c</size>
         <input_file_ref idref="fl-fe"/>
      </object_component>
      <object_component id="oc-22d">
         <name>.text:PRCMSysResetCauseGet</name>
         <load_address>0x2000e1b4</load_address>
         <run_address>0x2000e1b4</run_address>
         <size>0x2c</size>
         <input_file_ref idref="fl-f0"/>
      </object_component>
      <object_component id="oc-44f">
         <name>.text:_SlDrvObjGlobalLockWaitForever</name>
         <load_address>0x2000e1e0</load_address>
         <run_address>0x2000e1e0</run_address>
         <size>0x2c</size>
         <input_file_ref idref="fl-f8"/>
      </object_component>
      <object_component id="oc-5a3">
         <name>.text:_SlDrvProtectionObjLockWaitForever</name>
         <load_address>0x2000e20c</load_address>
         <run_address>0x2000e20c</run_address>
         <size>0x2c</size>
         <input_file_ref idref="fl-f8"/>
      </object_component>
      <object_component id="oc-9b9">
         <name>.text:TimerLoadSet</name>
         <load_address>0x2000e238</load_address>
         <run_address>0x2000e238</run_address>
         <size>0x2a</size>
         <input_file_ref idref="fl-ff"/>
      </object_component>
      <object_component id="oc-9b3">
         <name>.text:TimerPrescaleSet</name>
         <load_address>0x2000e262</load_address>
         <run_address>0x2000e262</run_address>
         <size>0x2a</size>
         <input_file_ref idref="fl-ff"/>
      </object_component>
      <object_component id="oc-23f">
         <name>.text:PRCMPeripheralClkDisable</name>
         <load_address>0x2000e28c</load_address>
         <run_address>0x2000e28c</run_address>
         <size>0x28</size>
         <input_file_ref idref="fl-f0"/>
      </object_component>
      <object_component id="oc-455">
         <name>.text:_SlDrvGlobalObjUnLock</name>
         <load_address>0x2000e2b4</load_address>
         <run_address>0x2000e2b4</run_address>
         <size>0x28</size>
         <input_file_ref idref="fl-f8"/>
      </object_component>
      <object_component id="oc-5a9">
         <name>.text:_SlDrvProtectionObjUnLock</name>
         <load_address>0x2000e2dc</load_address>
         <run_address>0x2000e2dc</run_address>
         <size>0x28</size>
         <input_file_ref idref="fl-f8"/>
      </object_component>
      <object_component id="oc-5af">
         <name>.text:_SlDrvSyncObjWaitForever</name>
         <load_address>0x2000e304</load_address>
         <run_address>0x2000e304</run_address>
         <size>0x28</size>
         <input_file_ref idref="fl-f8"/>
      </object_component>
      <object_component id="oc-4b3">
         <name>.text:free_list_insert</name>
         <load_address>0x2000e32c</load_address>
         <run_address>0x2000e32c</run_address>
         <size>0x28</size>
         <input_file_ref idref="fl-d0"/>
      </object_component>
      <object_component id="oc-278">
         <name>.text:memmove</name>
         <load_address>0x2000e354</load_address>
         <run_address>0x2000e354</run_address>
         <size>0x28</size>
         <input_file_ref idref="fl-cf"/>
      </object_component>
      <object_component id="oc-629">
         <name>.text:_SlDrvObjLockWaitForever</name>
         <load_address>0x2000e37c</load_address>
         <run_address>0x2000e37c</run_address>
         <size>0x26</size>
         <input_file_ref idref="fl-f8"/>
      </object_component>
      <object_component id="oc-9ff">
         <name>.text</name>
         <load_address>0x2000e3a2</load_address>
         <run_address>0x2000e3a2</run_address>
         <size>0x26</size>
         <input_file_ref idref="fl-5"/>
      </object_component>
      <object_component id="oc-6f5">
         <name>.text:DmaSpiSwIntHandler</name>
         <load_address>0x2000e3c8</load_address>
         <run_address>0x2000e3c8</run_address>
         <size>0x24</size>
         <input_file_ref idref="fl-fe"/>
      </object_component>
      <object_component id="oc-70b">
         <name>.text:IntUnregister</name>
         <load_address>0x2000e3ec</load_address>
         <run_address>0x2000e3ec</run_address>
         <size>0x24</size>
         <input_file_ref idref="fl-ee"/>
      </object_component>
      <object_component id="oc-314">
         <name>.text:UARTEnable</name>
         <load_address>0x2000e410</load_address>
         <run_address>0x2000e410</run_address>
         <size>0x24</size>
         <input_file_ref idref="fl-f3"/>
      </object_component>
      <object_component id="oc-5b">
         <name>.text:_c_int00_noargs:_c_int00_noargs</name>
         <load_address>0x2000e434</load_address>
         <run_address>0x2000e434</run_address>
         <size>0x24</size>
         <input_file_ref idref="fl-d4"/>
      </object_component>
      <object_component id="oc-e9">
         <name>.text:GPIOIntStatus</name>
         <load_address>0x2000e458</load_address>
         <run_address>0x2000e458</run_address>
         <size>0x22</size>
         <input_file_ref idref="fl-ed"/>
      </object_component>
      <object_component id="oc-169">
         <name>.text:SPIReset</name>
         <load_address>0x2000e47a</load_address>
         <run_address>0x2000e47a</run_address>
         <size>0x22</size>
         <input_file_ref idref="fl-f1"/>
      </object_component>
      <object_component id="oc-818">
         <name>.text:SPIWordCountSet</name>
         <load_address>0x2000e49c</load_address>
         <run_address>0x2000e49c</run_address>
         <size>0x22</size>
         <input_file_ref idref="fl-f1"/>
      </object_component>
      <object_component id="oc-333">
         <name>.text:GPIOPinWrite</name>
         <load_address>0x2000e4be</load_address>
         <run_address>0x2000e4be</run_address>
         <size>0x20</size>
         <input_file_ref idref="fl-ed"/>
      </object_component>
      <object_component id="oc-321">
         <name>.text:IntRegister</name>
         <load_address>0x2000e4e0</load_address>
         <run_address>0x2000e4e0</run_address>
         <size>0x20</size>
         <input_file_ref idref="fl-ee"/>
      </object_component>
      <object_component id="oc-550">
         <name>.text:NwpPrePowerOffTimout0</name>
         <load_address>0x2000e500</load_address>
         <run_address>0x2000e500</run_address>
         <size>0x20</size>
         <input_file_ref idref="fl-fe"/>
      </object_component>
      <object_component id="oc-8cf">
         <name>.text:TimerGetCurrentTimestamp</name>
         <load_address>0x2000e520</load_address>
         <run_address>0x2000e520</run_address>
         <size>0x20</size>
         <input_file_ref idref="fl-fe"/>
      </object_component>
      <object_component id="oc-635">
         <name>.text:_SlDrvObjUnLock</name>
         <load_address>0x2000e540</load_address>
         <run_address>0x2000e540</run_address>
         <size>0x20</size>
         <input_file_ref idref="fl-f8"/>
      </object_component>
      <object_component id="oc-726">
         <name>.text:_SlDrvSyncObjSignal</name>
         <load_address>0x2000e560</load_address>
         <run_address>0x2000e560</run_address>
         <size>0x20</size>
         <input_file_ref idref="fl-f8"/>
      </object_component>
      <object_component id="oc-199">
         <name>.text:GPIOIntRegister</name>
         <load_address>0x2000e580</load_address>
         <run_address>0x2000e580</run_address>
         <size>0x1e</size>
         <input_file_ref idref="fl-ed"/>
      </object_component>
      <object_component id="oc-9bf">
         <name>.text:TimerEnable</name>
         <load_address>0x2000e59e</load_address>
         <run_address>0x2000e59e</run_address>
         <size>0x1e</size>
         <input_file_ref idref="fl-ff"/>
      </object_component>
      <object_component id="oc-12a">
         <name>.text:UARTCharPut</name>
         <load_address>0x2000e5bc</load_address>
         <run_address>0x2000e5bc</run_address>
         <size>0x1e</size>
         <input_file_ref idref="fl-f3"/>
      </object_component>
      <object_component id="oc-151">
         <name>.text:UARTIntRegister</name>
         <load_address>0x2000e5da</load_address>
         <run_address>0x2000e5da</run_address>
         <size>0x1e</size>
         <input_file_ref idref="fl-f3"/>
      </object_component>
      <object_component id="oc-10c">
         <name>.text:UARTIntStatus</name>
         <load_address>0x2000e5f8</load_address>
         <run_address>0x2000e5f8</run_address>
         <size>0x1e</size>
         <input_file_ref idref="fl-f3"/>
      </object_component>
      <object_component id="oc-6cb">
         <name>.text:cc_UDMAChannelSelect</name>
         <load_address>0x2000e616</load_address>
         <run_address>0x2000e616</run_address>
         <size>0x1e</size>
         <input_file_ref idref="fl-fe"/>
      </object_component>
      <object_component id="oc-187">
         <name>.text:SysTickIntRegister</name>
         <load_address>0x2000e634</load_address>
         <run_address>0x2000e634</run_address>
         <size>0x1c</size>
         <input_file_ref idref="fl-f2"/>
      </object_component>
      <object_component id="oc-935">
         <name>.text:TimerValueGet</name>
         <load_address>0x2000e650</load_address>
         <run_address>0x2000e650</run_address>
         <size>0x1c</size>
         <input_file_ref idref="fl-ff"/>
      </object_component>
      <object_component id="oc-272">
         <name>.text:UARTCharGetNonBlocking</name>
         <load_address>0x2000e66c</load_address>
         <run_address>0x2000e66c</run_address>
         <size>0x1c</size>
         <input_file_ref idref="fl-f3"/>
      </object_component>
      <object_component id="oc-7eb">
         <name>.text:_SlDrvStartMeasureTimeout</name>
         <load_address>0x2000e688</load_address>
         <run_address>0x2000e688</run_address>
         <size>0x1c</size>
         <input_file_ref idref="fl-f8"/>
      </object_component>
      <object_component id="oc-49">
         <name>.text:decompress:ZI:__TI_zero_init_nomemset:__TI_zero_init_nomemset</name>
         <load_address>0x2000e6a4</load_address>
         <run_address>0x2000e6a4</run_address>
         <size>0x1c</size>
         <input_file_ref idref="fl-cc"/>
      </object_component>
      <object_component id="oc-4a6">
         <name>.text:free_list_remove</name>
         <load_address>0x2000e6c0</load_address>
         <run_address>0x2000e6c0</run_address>
         <size>0x1c</size>
         <input_file_ref idref="fl-d0"/>
      </object_component>
      <object_component id="oc-603">
         <name>.text:memccpy</name>
         <load_address>0x2000e6dc</load_address>
         <run_address>0x2000e6dc</run_address>
         <size>0x1c</size>
         <input_file_ref idref="fl-e6"/>
      </object_component>
      <object_component id="oc-94e">
         <name>.text:uDMAChannelEnable</name>
         <load_address>0x2000e6f8</load_address>
         <run_address>0x2000e6f8</run_address>
         <size>0x1c</size>
         <input_file_ref idref="fl-100"/>
      </object_component>
      <object_component id="oc-1a5">
         <name>.text:GPIOIntEnable</name>
         <load_address>0x2000e714</load_address>
         <run_address>0x2000e714</run_address>
         <size>0x1a</size>
         <input_file_ref idref="fl-ed"/>
      </object_component>
      <object_component id="oc-300">
         <name>.text:PinTypeSPI</name>
         <load_address>0x2000e72e</load_address>
         <run_address>0x2000e72e</run_address>
         <size>0x1a</size>
         <input_file_ref idref="fl-ef"/>
      </object_component>
      <object_component id="oc-306">
         <name>.text:PinTypeUART</name>
         <load_address>0x2000e748</load_address>
         <run_address>0x2000e748</run_address>
         <size>0x1a</size>
         <input_file_ref idref="fl-ef"/>
      </object_component>
      <object_component id="oc-747">
         <name>.text:SPIDmaDisable</name>
         <load_address>0x2000e762</load_address>
         <run_address>0x2000e762</run_address>
         <size>0x1a</size>
         <input_file_ref idref="fl-f1"/>
      </object_component>
      <object_component id="oc-6d7">
         <name>.text:SPIDmaEnable</name>
         <load_address>0x2000e77c</load_address>
         <run_address>0x2000e77c</run_address>
         <size>0x1a</size>
         <input_file_ref idref="fl-f1"/>
      </object_component>
      <object_component id="oc-741">
         <name>.text:SPIFIFODisable</name>
         <load_address>0x2000e796</load_address>
         <run_address>0x2000e796</run_address>
         <size>0x1a</size>
         <input_file_ref idref="fl-f1"/>
      </object_component>
      <object_component id="oc-6d1">
         <name>.text:SPIFIFOEnable</name>
         <load_address>0x2000e7b0</load_address>
         <run_address>0x2000e7b0</run_address>
         <size>0x1a</size>
         <input_file_ref idref="fl-f1"/>
      </object_component>
      <object_component id="oc-73b">
         <name>.text:SPIIntUnregister</name>
         <load_address>0x2000e7ca</load_address>
         <run_address>0x2000e7ca</run_address>
         <size>0x1a</size>
         <input_file_ref idref="fl-f1"/>
      </object_component>
      <object_component id="oc-6b9">
         <name>.text:SPICSDisable</name>
         <load_address>0x2000e7e4</load_address>
         <run_address>0x2000e7e4</run_address>
         <size>0x18</size>
         <input_file_ref idref="fl-f1"/>
      </object_component>
      <object_component id="oc-812">
         <name>.text:SPICSEnable</name>
         <load_address>0x2000e7fc</load_address>
         <run_address>0x2000e7fc</run_address>
         <size>0x18</size>
         <input_file_ref idref="fl-f1"/>
      </object_component>
      <object_component id="oc-6bf">
         <name>.text:SPIDisable</name>
         <load_address>0x2000e814</load_address>
         <run_address>0x2000e814</run_address>
         <size>0x18</size>
         <input_file_ref idref="fl-f1"/>
      </object_component>
      <object_component id="oc-175">
         <name>.text:SPIEnable</name>
         <load_address>0x2000e82c</load_address>
         <run_address>0x2000e82c</run_address>
         <size>0x18</size>
         <input_file_ref idref="fl-f1"/>
      </object_component>
      <object_component id="oc-181">
         <name>.text:SysTickPeriodSet</name>
         <load_address>0x2000e844</load_address>
         <run_address>0x2000e844</run_address>
         <size>0x18</size>
         <input_file_ref idref="fl-f2"/>
      </object_component>
      <object_component id="oc-11e">
         <name>.text:UARTCharsAvail</name>
         <load_address>0x2000e85c</load_address>
         <run_address>0x2000e85c</run_address>
         <size>0x18</size>
         <input_file_ref idref="fl-f3"/>
      </object_component>
      <object_component id="oc-157">
         <name>.text:UARTIntEnable</name>
         <load_address>0x2000e874</load_address>
         <run_address>0x2000e874</run_address>
         <size>0x18</size>
         <input_file_ref idref="fl-f3"/>
      </object_component>
      <object_component id="oc-66a">
         <name>.text:_SlNonOsSemSet</name>
         <load_address>0x2000e88c</load_address>
         <run_address>0x2000e88c</run_address>
         <size>0x18</size>
         <input_file_ref idref="fl-fb"/>
      </object_component>
      <object_component id="oc-48a">
         <name>.text:_outc</name>
         <load_address>0x2000e8a4</load_address>
         <run_address>0x2000e8a4</run_address>
         <size>0x18</size>
         <input_file_ref idref="fl-c7"/>
      </object_component>
      <object_component id="oc-3e9">
         <name>.text:_outs</name>
         <load_address>0x2000e8bc</load_address>
         <run_address>0x2000e8bc</run_address>
         <size>0x18</size>
         <input_file_ref idref="fl-c6"/>
      </object_component>
      <object_component id="oc-534">
         <name>.text:_sl_GetStartResponseConvert</name>
         <load_address>0x2000e8d4</load_address>
         <run_address>0x2000e8d4</run_address>
         <size>0x18</size>
         <input_file_ref idref="fl-f7"/>
      </object_component>
      <object_component id="oc-100">
         <name>.text</name>
         <load_address>0x2000e8ec</load_address>
         <run_address>0x2000e8ec</run_address>
         <size>0x18</size>
         <input_file_ref idref="fl-c8"/>
      </object_component>
      <object_component id="oc-233">
         <name>.text:PRCMHIBRegRead</name>
         <load_address>0x2000e904</load_address>
         <run_address>0x2000e904</run_address>
         <size>0x16</size>
         <input_file_ref idref="fl-f0"/>
      </object_component>
      <object_component id="oc-239">
         <name>.text:PRCMHIBRegWrite</name>
         <load_address>0x2000e91a</load_address>
         <run_address>0x2000e91a</run_address>
         <size>0x16</size>
         <input_file_ref idref="fl-f0"/>
      </object_component>
      <object_component id="oc-118">
         <name>.text:UARTCharGet</name>
         <load_address>0x2000e930</load_address>
         <run_address>0x2000e930</run_address>
         <size>0x16</size>
         <input_file_ref idref="fl-f3"/>
      </object_component>
      <object_component id="oc-448">
         <name>.text:_SlDrvMemZero</name>
         <load_address>0x2000e946</load_address>
         <run_address>0x2000e946</run_address>
         <size>0x16</size>
         <input_file_ref idref="fl-f8"/>
      </object_component>
      <object_component id="oc-7c7">
         <name>.text:strchr</name>
         <load_address>0x2000e95c</load_address>
         <run_address>0x2000e95c</run_address>
         <size>0x16</size>
         <input_file_ref idref="fl-e7"/>
      </object_component>
      <object_component id="oc-21d">
         <name>.text:CPUcpsie</name>
         <load_address>0x2000e972</load_address>
         <run_address>0x2000e972</run_address>
         <size>0x14</size>
         <input_file_ref idref="fl-f5"/>
      </object_component>
      <object_component id="oc-ef">
         <name>.text:GPIOIntClear</name>
         <load_address>0x2000e986</load_address>
         <run_address>0x2000e986</run_address>
         <size>0x14</size>
         <input_file_ref idref="fl-ed"/>
      </object_component>
      <object_component id="oc-c5">
         <name>.text:IntVTableBaseSet</name>
         <load_address>0x2000e99c</load_address>
         <run_address>0x2000e99c</run_address>
         <size>0x14</size>
         <input_file_ref idref="fl-ee"/>
      </object_component>
      <object_component id="oc-1b1">
         <name>.text:strcpy</name>
         <load_address>0x2000e9b0</load_address>
         <run_address>0x2000e9b0</run_address>
         <size>0x14</size>
         <input_file_ref idref="fl-d1"/>
      </object_component>
      <object_component id="oc-124">
         <name>.text:strlen</name>
         <load_address>0x2000e9c4</load_address>
         <run_address>0x2000e9c4</run_address>
         <size>0x14</size>
         <input_file_ref idref="fl-d2"/>
      </object_component>
      <object_component id="oc-112">
         <name>.text:UARTIntClear</name>
         <load_address>0x2000e9d8</load_address>
         <run_address>0x2000e9d8</run_address>
         <size>0x12</size>
         <input_file_ref idref="fl-f3"/>
      </object_component>
      <object_component id="oc-609">
[...]
         <name>UARTCharsAvail</name>
         <value>0x2000e85d</value>
         <object_component_ref idref="oc-11e"/>
      </symbol>
      <symbol id="sm-c3c">
         <name>UARTCharGetNonBlocking</name>
         <value>0x2000e66d</value>
         <object_component_ref idref="oc-272"/>
      </symbol>
      <symbol id="sm-c3d">
         <name>UARTCharPut</name>
         <value>0x2000e5bd</value>
         <object_component_ref idref="oc-12a"/>
      </symbol>
      <symbol id="sm-c3e">
         <name>UARTEnable</name>
         <value>0x2000e411</value>
         <object_component_ref idref="oc-314"/>
      </symbol>
      <symbol id="sm-c3f">
         <name>UARTIntClear</name>
         <value>0x2000e9d9</value>
         <object_component_ref idref="oc-112"/>
      </symbol>
      <symbol id="sm-c40">
         <name>UARTIntStatus</name>
         <value>0x2000e5f9</value>
         <object_component_ref idref="oc-10c"/>
      </symbol>
      <symbol id="sm-c41">
         <name>UARTCharGet</name>
         <value>0x2000e931</value>
         <object_component_ref idref="oc-118"/>
      </symbol>
      <symbol id="sm-c42">
         <name>UARTIntRegister</name>
         <value>0x2000e5db</value>
         <object_component_ref idref="oc-151"/>
      </symbol>
      <symbol id="sm-c46">
         <name>UtilsDelay</name>
         <value>0x2000eaad</value>
         <object_component_ref idref="oc-3af"/>
      </symbol>
      <symbol id="sm-c50">
         <name>CPUcpsie</name>
         <value>0x2000e973</value>
         <object_component_ref idref="oc-21d"/>
      </symbol>
      <symbol id="sm-d0c">
         <name>_sl_HandleAsync_InitComplete</name>
         <value>0x2000c735</value>
         <object_component_ref idref="oc-9cc"/>
      </symbol>
      <symbol id="sm-d0d">
         <name>_SlDrvDeviceEventHandler</name>
         <value>0x2000bf21</value>
         <object_component_ref idref="oc-959"/>
      </symbol>
      <symbol id="sm-d0e">
         <name>_sl_HandleAsync_Stop</name>
         <value>0x2000d70d</value>
         <object_component_ref idref="oc-9a1"/>
      </symbol>
      <symbol id="sm-d0f">
         <name>sl_DevSet</name>
         <value>0x2000bfbd</value>
         <object_component_ref idref="oc-dd"/>
      </symbol>
      <symbol id="sm-d10">
         <name>sl_Stop</name>
         <value>0x2000aa95</value>
         <object_component_ref idref="oc-36c"/>
      </symbol>
      <symbol id="sm-d11">
         <name>sl_Start</name>
         <value>0x2000ad65</value>
         <object_component_ref idref="oc-35a"/>
      </symbol>
      <symbol id="sm-d12">
         <name>sl_DevGet</name>
         <value>0x2000b6e5</value>
         <object_component_ref idref="oc-372"/>
      </symbol>
      <symbol id="sm-1000">
         <name>RxIrqCnt</name>
         <value>0x2001f27c</value>
      </symbol>
      <symbol id="sm-1001">
         <name>g_bDeviceRestartIsRequired</name>
         <value>0x2001f27d</value>
      </symbol>
      <symbol id="sm-1002">
         <name>_SlDrvProtectionObjUnLock</name>
         <value>0x2000e2dd</value>
         <object_component_ref idref="oc-5a9"/>
      </symbol>
      <symbol id="sm-1003">
         <name>_SlDrvBasicCmd</name>
         <value>0x2000d9b5</value>
         <object_component_ref idref="oc-572"/>
      </symbol>
      <symbol id="sm-1004">
         <name>_SlDrvObjUnLock</name>
         <value>0x2000e541</value>
         <object_component_ref idref="oc-635"/>
      </symbol>
      <symbol id="sm-1005">
         <name>_SlDrvObjLockWaitForever</name>
         <value>0x2000e37d</value>
         <object_component_ref idref="oc-629"/>
      </symbol>
      <symbol id="sm-1006">
         <name>_SlDrvMsgReadSpawnCtx</name>
         <value>0x2000af39</value>
         <object_component_ref idref="oc-694"/>
      </symbol>
      <symbol id="sm-1007">
         <name>_SlDrvDispatchHttpServerEvents</name>
         <value>0x2000ea1d</value>
         <object_component_ref idref="oc-979"/>
      </symbol>
      <symbol id="sm-1008">
         <name>_SlDrvHandleNetAppEvents</name>
         <value>0x2000dca5</value>
         <object_component_ref idref="oc-965"/>
      </symbol>
      <symbol id="sm-1009">
         <name>_SlDriverHandleError</name>
         <value>0x2000bca1</value>
         <object_component_ref idref="oc-687"/>
      </symbol>
      <symbol id="sm-100a">
         <name>_SlDrvDriverCBDeinit</name>
         <value>0x2000a415</value>
         <object_component_ref idref="oc-55c"/>
      </symbol>
      <symbol id="sm-100b">
         <name>_SlDrvStartMeasureTimeout</name>
         <value>0x2000e689</value>
         <object_component_ref idref="oc-7eb"/>
      </symbol>
      <symbol id="sm-100c">
         <name>_SlDrvResetCmdExt</name>
         <value>0x2000ea2d</value>
         <object_component_ref idref="oc-246"/>
      </symbol>
      <symbol id="sm-100d">
         <name>_SlDrvIsTimeoutExpired</name>
         <value>0x2000c6a9</value>
         <object_component_ref idref="oc-7f1"/>
      </symbol>
      <symbol id="sm-100e">
         <name>_SlDrvProtectAsyncRespSetting</name>
         <value>0x2000d7f5</value>
         <object_component_ref idref="oc-510"/>
      </symbol>
      <symbol id="sm-100f">
         <name>_SlDrvReleasePoolObj</name>
         <value>0x20008ca5</value>
         <object_component_ref idref="oc-52e"/>
      </symbol>
      <symbol id="sm-1010">
         <name>_SlDrvHandleWlanEvents</name>
         <value>0x2000dce5</value>
         <object_component_ref idref="oc-95f"/>
      </symbol>
      <symbol id="sm-1011">
         <name>OpcodeTranslateTable</name>
         <value>0x2000f334</value>
         <object_component_ref idref="oc-840"/>
      </symbol>
      <symbol id="sm-1012">
         <name>pPingCallBackFunc</name>
         <value>0x2001f330</value>
         <object_component_ref idref="oc-255"/>
      </symbol>
      <symbol id="sm-1013">
         <name>_SlDrvDriverCBInit</name>
         <value>0x200091f9</value>
         <object_component_ref idref="oc-504"/>
      </symbol>
      <symbol id="sm-1014">
         <name>g_pCB</name>
         <value>0x2001f32c</value>
         <object_component_ref idref="oc-255"/>
      </symbol>
      <symbol id="sm-1015">
         <name>_SlDrvProtectionObjLockWaitForever</name>
         <value>0x2000e20d</value>
         <object_component_ref idref="oc-5a3"/>
      </symbol>
      <symbol id="sm-1016">
         <name>_SlDrvCmdOp</name>
         <value>0x2000b875</value>
         <object_component_ref idref="oc-24c"/>
      </symbol>
      <symbol id="sm-1017">
         <name>_SlDrvSyncObjWaitTimeout</name>
         <value>0x2000db55</value>
         <object_component_ref idref="oc-528"/>
      </symbol>
      <symbol id="sm-1018">
         <name>_SlDrvGlobalObjUnLock</name>
         <value>0x2000e2b5</value>
         <object_component_ref idref="oc-455"/>
      </symbol>
      <symbol id="sm-1019">
         <name>_SlDrvMemZero</name>
         <value>0x2000e947</value>
         <object_component_ref idref="oc-448"/>
      </symbol>
      <symbol id="sm-101a">
         <name>_SlDrvWaitForPoolObj</name>
         <value>0x20009549</value>
         <object_component_ref idref="oc-59d"/>
      </symbol>
      <symbol id="sm-101b">
         <name>_SlDrvSyncObjSignal</name>
         <value>0x2000e561</value>
         <object_component_ref idref="oc-726"/>
      </symbol>
      <symbol id="sm-101c">
         <name>_SlDrvDataReadOp</name>
         <value>0x20008ac1</value>
         <object_component_ref idref="oc-411"/>
      </symbol>
      <symbol id="sm-101d">
         <name>_SlDrvDataWriteOp</name>
         <value>0x20009b4d</value>
         <object_component_ref idref="oc-3fd"/>
      </symbol>
      <symbol id="sm-101e">
         <name>_SlDrvRxIrqHandler</name>
         <value>0x2000d5bd</value>
         <object_component_ref idref="oc-53a"/>
      </symbol>
      <symbol id="sm-101f">
         <name>_SlDrvHandleHttpServerEvents</name>
         <value>0x2000db11</value>
         <object_component_ref idref="oc-9dd"/>
      </symbol>
      <symbol id="sm-1020">
         <name>_SlDrvSyncObjWaitForever</name>
         <value>0x2000e305</value>
         <object_component_ref idref="oc-5af"/>
      </symbol>
      <symbol id="sm-1021">
         <name>g_SlDeviceStatus</name>
         <value>0x2001f328</value>
         <object_component_ref idref="oc-255"/>
      </symbol>
      <symbol id="sm-1022">
         <name>_SlDrvCmdSend</name>
         <value>0x2000cfb1</value>
         <object_component_ref idref="oc-9e4"/>
      </symbol>
      <symbol id="sm-1023">
         <name>_SlActionLookupTable</name>
         <value>0x2000f370</value>
         <object_component_ref idref="oc-907"/>
      </symbol>
      <symbol id="sm-10cb">
         <name>sl_NetAppMDNSUnRegisterService</name>
         <value>0x2000d1b9</value>
         <object_component_ref idref="oc-396"/>
      </symbol>
      <symbol id="sm-10cc">
         <name>_SlNetAppSendTokenValueCmdCtrl</name>
         <value>0x2000f54e</value>
         <object_component_ref idref="oc-9ea"/>
      </symbol>
      <symbol id="sm-10cd">
         <name>sl_NetAppDnsGetHostByName</name>
         <value>0x20009f29</value>
         <object_component_ref idref="oc-3b4"/>
      </symbol>
      <symbol id="sm-10ce">
         <name>_sl_HandleAsync_DnsGetHostByName</name>
         <value>0x2000c3e1</value>
         <object_component_ref idref="oc-96d"/>
      </symbol>
      <symbol id="sm-10cf">
         <name>_sl_HandleAsync_PingResponse</name>
         <value>0x2000c471</value>
         <object_component_ref idref="oc-8f3"/>
      </symbol>
      <symbol id="sm-10d0">
         <name>_SlDrvNetAppEventHandler</name>
         <value>0x2000a795</value>
         <object_component_ref idref="oc-8ed"/>
      </symbol>
      <symbol id="sm-10d1">
         <name>_sl_HandleAsync_DnsGetHostByService</name>
         <value>0x2000b619</value>
         <object_component_ref idref="oc-973"/>
      </symbol>
      <symbol id="sm-10d2">
         <name>_sl_NetAppSendTokenValue</name>
         <value>0x2000d01d</value>
         <object_component_ref idref="oc-97f"/>
      </symbol>
      <symbol id="sm-10d3">
         <name>sl_NetAppMDNSRegisterUnregisterService</name>
         <value>0x2000b1e9</value>
         <object_component_ref idref="oc-587"/>
      </symbol>
      <symbol id="sm-10f5">
         <name>sl_NetCfgSet</name>
         <value>0x2000c055</value>
         <object_component_ref idref="oc-38a"/>
      </symbol>
      <symbol id="sm-113d">
         <name>_SlNonOsSemSet</name>
         <value>0x2000e88d</value>
         <object_component_ref idref="oc-66a"/>
      </symbol>
      <symbol id="sm-113e">
         <name>_SlNonOsSpawn</name>
         <value>0x2000d0f1</value>
         <object_component_ref idref="oc-68d"/>
      </symbol>
      <symbol id="sm-113f">
         <name>_SlNonOsSemGet</name>
         <value>0x2000baa1</value>
         <object_component_ref idref="oc-62f"/>
      </symbol>
      <symbol id="sm-1140">
         <name>_SlNonOsMainLoopTask</name>
         <value>0x2000ce5d</value>
         <object_component_ref idref="oc-360"/>
      </symbol>
      <symbol id="sm-1141">
         <name>g__SlNonOsCB</name>
         <value>0x2001f280</value>
         <object_component_ref idref="oc-541"/>
      </symbol>
      <symbol id="sm-1242">
         <name>sl_Recv</name>
         <value>0x2000bde5</value>
         <object_component_ref idref="oc-1d2"/>
      </symbol>
      <symbol id="sm-1243">
         <name>sl_Send</name>
         <value>0x2000a2e1</value>
         <object_component_ref idref="oc-1c6"/>
      </symbol>
      <symbol id="sm-1244">
         <name>_sl_HandleAsync_Connect</name>
         <value>0x2000cb71</value>
         <object_component_ref idref="oc-995"/>
      </symbol>
      <symbol id="sm-1245">
         <name>sl_Htonl</name>
         <value>0x2000dc21</value>
         <object_component_ref idref="oc-3c0"/>
      </symbol>
      <symbol id="sm-1246">
         <name>sl_Htons</name>
         <value>0x2000df15</value>
         <object_component_ref idref="oc-3ba"/>
      </symbol>
      <symbol id="sm-1247">
         <name>sl_Connect</name>
         <value>0x200096d9</value>
         <object_component_ref idref="oc-3d2"/>
      </symbol>
      <symbol id="sm-1248">
         <name>sl_Socket</name>
         <value>0x2000c7c1</value>
         <object_component_ref idref="oc-3c6"/>
      </symbol>
      <symbol id="sm-1249">
         <name>_sl_HandleAsync_Select</name>
         <value>0x2000d665</value>
         <object_component_ref idref="oc-99b"/>
      </symbol>
      <symbol id="sm-124a">
         <name>sl_Close</name>
         <value>0x2000d2e5</value>
         <object_component_ref idref="oc-1cc"/>
      </symbol>
      <symbol id="sm-124b">
         <name>_sl_HandleAsync_Accept</name>
         <value>0x2000d155</value>
         <object_component_ref idref="oc-98f"/>
      </symbol>
      <symbol id="sm-124c">
         <name>sl_SetSockOpt</name>
         <value>0x2000c0ed</value>
         <object_component_ref idref="oc-3cc"/>
      </symbol>
      <symbol id="sm-1306">
         <name>sl_WlanDisconnect</name>
         <value>0x2000dfc5</value>
         <object_component_ref idref="oc-384"/>
      </symbol>
      <symbol id="sm-1307">
         <name>sl_WlanPolicySet</name>
         <value>0x2000c501</value>
         <object_component_ref idref="oc-378"/>
      </symbol>
      <symbol id="sm-1308">
         <name>sl_WlanProfileDel</name>
         <value>0x2000d345</value>
         <object_component_ref idref="oc-37e"/>
      </symbol>
      <symbol id="sm-1309">
         <name>sl_WlanRxFilterSet</name>
         <value>0x2000ca69</value>
         <object_component_ref idref="oc-39f"/>
      </symbol>
      <symbol id="sm-130a">
         <name>sl_WlanConnect</name>
         <value>0x20008115</value>
         <object_component_ref idref="oc-3a9"/>
      </symbol>
      <symbol id="sm-130b">
         <name>sl_WlanSet</name>
         <value>0x2000c185</value>
         <object_component_ref idref="oc-390"/>
      </symbol>
      <symbol id="sm-130c">
         <name>sl_WlanSetMode</name>
         <value>0x2000d3a5</value>
         <object_component_ref idref="oc-366"/>
      </symbol>
      <symbol id="sm-142c">
         <name>g_ucDinDout</name>
         <value>0x2001f168</value>
      </symbol>
      <symbol id="sm-142d">
         <name>g_cDummy</name>
         <value>0x2001f27e</value>
      </symbol>
      <symbol id="sm-142e">
         <name>NwpMaskInterrupt</name>
         <value>0x2000ea59</value>
         <object_component_ref idref="oc-6fe"/>
      </symbol>
      <symbol id="sm-142f">
         <name>NwpPrePowerOffTimout0</name>
         <value>0x2000e501</value>
         <object_component_ref idref="oc-550"/>
      </symbol>
      <symbol id="sm-1430">
         <name>NwpRegisterInterruptHandler</name>
         <value>0x2000dde5</value>
         <object_component_ref idref="oc-51c"/>
      </symbol>
      <symbol id="sm-1431">
         <name>g_pHostIntHdl</name>
         <value>0x2001f354</value>
         <object_component_ref idref="oc-6ef"/>
      </symbol>
      <symbol id="sm-1432">
         <name>simplelink_timerA2_start</name>
         <value>0x2000ded9</value>
         <object_component_ref idref="oc-92f"/>
      </symbol>
      <symbol id="sm-1433">
         <name>NwpUnMaskInterrupt</name>
         <value>0x2000ea65</value>
         <object_component_ref idref="oc-718"/>
      </symbol>
      <symbol id="sm-1434">
         <name>NwpPowerOff</name>
         <value>0x2000df8d</value>
         <object_component_ref idref="oc-516"/>
      </symbol>
      <symbol id="sm-1435">
         <name>TimerGetCurrentTimestamp</name>
         <value>0x2000e521</value>
         <object_component_ref idref="oc-8cf"/>
      </symbol>
      <symbol id="sm-1436">
         <name>spi_Read</name>
         <value>0x2000ab85</value>
         <object_component_ref idref="oc-833"/>
      </symbol>
      <symbol id="sm-1437">
         <name>DmaSpiSwIntHandler</name>
         <value>0x2000e3c9</value>
         <object_component_ref idref="oc-6f5"/>
      </symbol>
      <symbol id="sm-1438">
         <name>NwpPowerOn</name>
         <value>0x2000e189</value>
         <object_component_ref idref="oc-522"/>
      </symbol>
      <symbol id="sm-1439">
         <name>spi_Close</name>
         <value>0x2000cd6d</value>
         <object_component_ref idref="oc-556"/>
      </symbol>
      <symbol id="sm-143a">
         <name>spi_Write</name>
         <value>0x2000c21d</value>
         <object_component_ref idref="oc-671"/>
      </symbol>
      <symbol id="sm-143b">
         <name>spi_Open</name>
         <value>0x20009c9d</value>
         <object_component_ref idref="oc-50a"/>
      </symbol>
      <symbol id="sm-143c">
         <name>g_ucDMAEnabled</name>
         <value>0x2001f358</value>
         <object_component_ref idref="oc-6ef"/>
      </symbol>
      <symbol id="sm-143d">
         <name>g_SpiFd</name>
         <value>0x2001f350</value>
         <object_component_ref idref="oc-6ef"/>
      </symbol>
      <symbol id="sm-1470">
         <name>TimerLoadSet</name>
         <value>0x2000e239</value>
         <object_component_ref idref="oc-9b9"/>
      </symbol>
      <symbol id="sm-1471">
         <name>TimerEnable</name>
         <value>0x2000e59f</value>
         <object_component_ref idref="oc-9bf"/>
      </symbol>
      <symbol id="sm-1472">
         <name>TimerValueGet</name>
         <value>0x2000e651</value>
         <object_component_ref idref="oc-935"/>
      </symbol>
      <symbol id="sm-1473">
         <name>TimerPrescaleSet</name>
         <value>0x2000e263</value>
         <object_component_ref idref="oc-9b3"/>
      </symbol>
      <symbol id="sm-1474">
         <name>TimerConfigure</name>
         <value>0x2000da89</value>
         <object_component_ref idref="oc-9ad"/>
      </symbol>
      <symbol id="sm-14cb">
         <name>uDMAChannelControlSet</name>
         <value>0x2000df51</value>
         <object_component_ref idref="oc-93c"/>
      </symbol>
      <symbol id="sm-14cc">
         <name>uDMAChannelAttributeEnable</name>
         <value>0x2000d281</value>
         <object_component_ref idref="oc-942"/>
      </symbol>
      <symbol id="sm-14cd">
         <name>uDMAChannelTransferSet</name>
         <value>0x2000ac75</value>
         <object_component_ref idref="oc-948"/>
      </symbol>
      <symbol id="sm-14ce">
         <name>uDMAChannelAssign</name>
         <value>0x2000d8d9</value>
         <object_component_ref idref="oc-850"/>
      </symbol>
      <symbol id="sm-14cf">
         <name>uDMAChannelAttributeDisable</name>
         <value>0x2000d21d</value>
         <object_component_ref idref="oc-856"/>
      </symbol>
      <symbol id="sm-14d0">
         <name>uDMAChannelEnable</name>
         <value>0x2000e6f9</value>
         <object_component_ref idref="oc-94e"/>
      </symbol>
      <symbol id="sm-14d1">
         <name>__TI_static_base__</name>
         <value>0x2000f590</value>
      </symbol>
      <symbol id="sm-14d4">
         <name>__mpu_init</name>
         <value>0x0</value>
      </symbol>
      <symbol id="sm-14d5">
         <name>_system_post_cinit</name>
         <value>0x0</value>
      </symbol>
   </symbol_table>
   <title>Link successful</title>
</link_info>
