******************************************************************************
                  TI ARM Linker PC v20.2.7                     
******************************************************************************
>> Linked Wed Jun  5 11:30:52 2024

OUTPUT FILE NAME:   <finalproject.out>
ENTRY POINT SYMBOL: "_c_int00_noargs"  address: 2000e5dd


MEMORY CONFIGURATION

         name            origin    length      used     unused   attr    fill
----------------------  --------  ---------  --------  --------  ----  --------
  SRAM_CODE             20004000   00013000  0000b7da  00007826  RW X
  SRAM_DATA             20017000   00019000  00009a2b  0000f5d5  RW X


SEGMENT ALLOCATION MAP

run origin  load origin   length   init length attrs members
----------  ----------- ---------- ----------- ----- -------
20004000    20004000    0000b7e0   0000b7e0    r-x
  20004000    20004000    00000400   00000400    r-- .intvecs
  20004400    20004400    0000a86e   0000a86e    r-x .text
  2000ec70    2000ec70    00000adc   00000adc    r-- .const
  2000f750    2000f750    00000090   00000090    r-- .cinit
20017000    20017000    00008a30   00000000    rw-
  20017000    20017000    00008000   00000000    rw- .sysmem
  2001f000    2001f000    00000933   00000000    rw- .bss
  2001f938    2001f938    000000f8   00000000    rw- .data
2002f000    2002f000    00001000   00000000    rw-
  2002f000    2002f000    00001000   00000000    rw- .stack


SECTION ALLOCATION MAP

 output                                  attributes/
section   page    origin      length       input sections
--------  ----  ----------  ----------   ----------------
.intvecs   0    20004000    00000400     
                  20004000    00000400     startup_ccs.obj (.intvecs)

.init_array 
*          0    20004000    00000000     UNINITIALIZED

.text      0    20004400    0000a86e     
                  20004400    000010a4     main.obj (.text)
                  200054a4    00000e8c     network_utils.obj (.text)
                  20006330    00000ab0     Adafruit_GFX.obj (.text)
                  20006de0    00000a4e     rtsv7M4_T_le_eabi.lib : _printfi.c.obj (.text:__TI_printfi)
                  2000782e    00000002     driverlib.a : interrupt.obj (.text:IntDefaultHandler)
                  20007830    00000590     simplelink.a : driver.obj (.text:_SlDrvMsgRead)
                  20007dc0    0000049a     Adafruit_OLED.obj (.text)
                  2000825a    00000002     rtsv7M4_T_le_eabi.lib : _lock.c.obj (.text:_nop)
                  2000825c    00000280     simplelink.a : wlan.obj (.text:sl_WlanConnect)
                  200084dc    0000027c     uart_if.obj (.text)
                  20008758    00000268     rtsv7M4_T_le_eabi.lib : _printfi.c.obj (.text:_pconv_a)
                  200089c0    00000248     simplelink.a : driver.obj (.text:_SlDrvRxHdrRead)
                  20008c08    000001e4                  : driver.obj (.text:_SlDrvDataReadOp)
                  20008dec    000001d0                  : driver.obj (.text:_SlDrvReleasePoolObj)
                  20008fbc    000001cc     rtsv7M4_T_le_eabi.lib : _printfi.c.obj (.text:_pconv_g)
                  20009188    000001b6                           : fd_add_t2.asm.obj (.text)
                  2000933e    00000002                           : div0.asm.obj (.text)
                  20009340    000001b4     simplelink.a : driver.obj (.text:_SlDrvDriverCBInit)
                  200094f4    0000019c                  : driver.obj (.text:_SlDrvMsgWrite)
                  20009690    00000190                  : driver.obj (.text:_SlDrvWaitForPoolObj)
                  20009820    0000018c                  : socket.obj (.text:sl_Connect)
                  200099ac    00000178     driverlib.a : prcm.obj (.text:PRCMCC3200MCUInit)
                  20009b24    00000170     simplelink.a : driver.obj (.text:_SlFindAndSetActiveObj)
                  20009c94    0000015c     pin_mux_config.obj (.text)
                  20009df0    00000150     simplelink.a : driver.obj (.text:_SlDrvDataWriteOp)
                  20009f40    00000148                  : cc_pal.obj (.text:spi_Open)
                  2000a088    00000144                  : driver.obj (.text:_SlDrvMsgReadCmdCtx)
                  2000a1cc    00000144                  : netapp.obj (.text:sl_NetAppDnsGetHostByName)
                  2000a310    0000013c     rtsv7M4_T_le_eabi.lib : _printfi.c.obj (.text:_pconv_e)
                  2000a44c    00000136                           : fd_div_t2.asm.obj (.text)
                  2000a582    00000002     --HOLE-- [fill = 0]
                  2000a584    00000134     simplelink.a : socket.obj (.text:sl_Send)
                  2000a6b8    00000130                  : driver.obj (.text:_SlDrvDriverCBDeinit)
                  2000a7e8    00000120     rtsv7M4_T_le_eabi.lib : _printfi.c.obj (.text:fcvt)
                  2000a908    00000104     simplelink.a : netapp.obj (.text:_SlDrvNetAppEventHandler)
                  2000aa0c    00000100     rtsv7M4_T_le_eabi.lib : memory.c.obj (.text:aligned_alloc)
                  2000ab0c    000000fc                           : fd_mul_t2.asm.obj (.text)
                  2000ac08    000000f0     simplelink.a : device.obj (.text:sl_Stop)
                  2000acf8    000000f0                  : cc_pal.obj (.text:spi_Read)
                  2000ade8    000000f0     driverlib.a : udma.obj (.text:uDMAChannelTransferSet)
                  2000aed8    000000ec     simplelink.a : device.obj (.text:sl_Start)
                  2000afc4    000000e8                  : driver.obj (.text:_SlAsyncEventGenericHandler)
                  2000b0ac    000000e8                  : driver.obj (.text:_SlDrvMsgReadSpawnCtx)
                  2000b194    000000e4     rtsv7M4_T_le_eabi.lib : memory.c.obj (.text:free)
                  2000b278    000000e4                           : memory.c.obj (.text:realloc)
                  2000b35c    000000e4     simplelink.a : netapp.obj (.text:sl_NetAppMDNSRegisterUnregisterService)
                  2000b440    000000dc                  : driver.obj (.text:_SlDrvClassifyRxMsg)
                  2000b51c    000000d0     driverlib.a : spi.obj (.text:SPITransfer32)
                  2000b5ec    000000d0     rtsv7M4_T_le_eabi.lib : s_scalbn.c.obj (.text:scalbn)
                  2000b6bc    000000ce     driverlib.a : spi.obj (.text:SPITransfer16)
                  2000b78a    00000002     --HOLE-- [fill = 0]
                  2000b78c    000000cc     simplelink.a : netapp.obj (.text:_sl_HandleAsync_DnsGetHostByService)
                  2000b858    000000cc                  : device.obj (.text:sl_DevGet)
                  2000b924    000000c4                  : driver.obj (.text:_SlRemoveFromList)
                  2000b9e8    000000c0                  : driver.obj (.text:_SlDrvCmdOp)
                  2000baa8    000000b8     driverlib.a : spi.obj (.text:SPITransfer8)
                  2000bb60    000000b1     rtsv7M4_T_le_eabi.lib : _printfi.c.obj (.text:_ltostr)
                  2000bc11    00000003     --HOLE-- [fill = 0]
                  2000bc14    000000b0     simplelink.a : nonos.obj (.text:_SlNonOsSemGet)
                  2000bcc4    000000a8     driverlib.a : interrupt.obj (.text:IntDisable)
                  2000bd6c    000000a8                 : interrupt.obj (.text:IntEnable)
                  2000be14    000000a4     simplelink.a : driver.obj (.text:_SlDriverHandleError)
                  2000beb8    000000a0     driverlib.a : spi.obj (.text:SPIConfigSetExpClk)
                  2000bf58    000000a0     simplelink.a : socket.obj (.text:sl_Recv)
                  2000bff8    0000009c     rtsv7M4_T_le_eabi.lib : memcpy_t2.asm.obj (.text)
                  2000c094    0000009a     simplelink.a : device.obj (.text:_SlDrvDeviceEventHandler)
                  2000c12e    00000002     --HOLE-- [fill = 0]
                  2000c130    00000098                  : device.obj (.text:sl_DevSet)
                  2000c1c8    00000098                  : netcfg.obj (.text:sl_NetCfgSet)
                  2000c260    00000098                  : socket.obj (.text:sl_SetSockOpt)
                  2000c2f8    00000098                  : wlan.obj (.text:sl_WlanSet)
                  2000c390    00000098                  : cc_pal.obj (.text:spi_Write)
                  2000c428    00000096     rtsv7M4_T_le_eabi.lib : ull_div_t2.asm.obj (.text)
                  2000c4be    00000002     --HOLE-- [fill = 0]
                  2000c4c0    00000094     driverlib.a : prcm.obj (.text:PRCMPeripheralClockGet)
                  2000c554    00000090     simplelink.a : netapp.obj (.text:_sl_HandleAsync_DnsGetHostByName)
                  2000c5e4    00000090                  : netapp.obj (.text:_sl_HandleAsync_PingResponse)
                  2000c674    00000090                  : wlan.obj (.text:sl_WlanPolicySet)
                  2000c704    0000008c                  : cc_pal.obj (.text:SetupDMAReceive)
                  2000c790    0000008c                  : cc_pal.obj (.text:SetupDMASend)
                  2000c81c    0000008c                  : driver.obj (.text:_SlDrvIsTimeoutExpired)
                  2000c8a8    0000008c                  : device.obj (.text:_sl_HandleAsync_InitComplete)
                  2000c934    0000008c                  : socket.obj (.text:sl_Socket)
                  2000c9c0    00000088     driverlib.a : pin.obj (.text:PinConfigSet)
                  2000ca48    00000088                 : spi.obj (.text:SPITransfer)
                  2000cad0    00000086     rtsv7M4_T_le_eabi.lib : fd_cmp_t2.asm.obj (.text:__aeabi_cdcmple)
                  2000cb56    00000086                           : fd_cmp_t2.asm.obj (.text:__aeabi_cdrcmple)
                  2000cbdc    00000084     simplelink.a : wlan.obj (.text:sl_WlanRxFilterSet)
                  2000cc60    00000082     driverlib.a : gpio.obj (.text:GPIOIntTypeSet)
                  2000cce2    00000002     --HOLE-- [fill = 0]
                  2000cce4    00000080     simplelink.a : socket.obj (.text:_sl_HandleAsync_Connect)
                  2000cd64    00000080                  : cc_pal.obj (.text:spi_Read_CPU)
                  2000cde4    00000080                  : cc_pal.obj (.text:spi_Write_CPU)
                  2000ce64    0000007a     rtsv7M4_T_le_eabi.lib : memset_t2.asm.obj (.text)
                  2000cede    00000002     --HOLE-- [fill = 0]
                  2000cee0    00000078     simplelink.a : cc_pal.obj (.text:spi_Close)
                  2000cf58    00000076     driverlib.a : uart.obj (.text:UARTConfigSetExpClk)
                  2000cfce    00000002     --HOLE-- [fill = 0]
                  2000cfd0    00000074     simplelink.a : nonos.obj (.text:_SlNonOsMainLoopTask)
                  2000d044    00000070     rtsv7M4_T_le_eabi.lib : memory.c.obj (.text:split)
                  2000d0b4    0000006e                           : _printfi.c.obj (.text:_mcpy)
                  2000d122    00000002     --HOLE-- [fill = 0]
                  2000d124    0000006c     simplelink.a : driver.obj (.text:_SlDrvCmdSend)
                  2000d190    0000006c                  : netapp.obj (.text:_sl_NetAppSendTokenValue)
                  2000d1fc    00000068     rtsv7M4_T_le_eabi.lib : copy_decompress_lzss.c.obj (.text:decompress:lzss:__TI_decompress_lzss)
                  2000d264    00000064     simplelink.a : nonos.obj (.text:_SlNonOsSpawn)
                  2000d2c8    00000064                  : socket.obj (.text:_sl_HandleAsync_Accept)
                  2000d32c    00000064                  : netapp.obj (.text:sl_NetAppMDNSUnRegisterService)
                  2000d390    00000064     driverlib.a : udma.obj (.text:uDMAChannelAttributeDisable)
                  2000d3f4    00000064                 : udma.obj (.text:uDMAChannelAttributeEnable)
                  2000d458    00000060     simplelink.a : socket.obj (.text:sl_Close)
                  2000d4b8    00000060                  : wlan.obj (.text:sl_WlanProfileDel)
                  2000d518    00000060                  : wlan.obj (.text:sl_WlanSetMode)
                  2000d578    0000005c     rtsv7M4_T_le_eabi.lib : s_frexp.c.obj (.text:frexp)
                  2000d5d4    00000058     driverlib.a : interrupt.obj (.text:IntPendClear)
                  2000d62c    00000058                 : prcm.obj (.text:PRCMPeripheralReset)
                  2000d684    00000056     rtsv7M4_T_le_eabi.lib : _printfi.c.obj (.text:_pconv_f)
                  2000d6da    00000002     --HOLE-- [fill = 0]
                  2000d6dc    00000054     driverlib.a : interrupt.obj (.text:IntPrioritySet)
                  2000d730    00000054     simplelink.a : driver.obj (.text:_SlDrvRxIrqHandler)
                  2000d784    00000054     rtsv7M4_T_le_eabi.lib : _ltoa.c.obj (.text:__TI_ltoa)
                  2000d7d8    00000054     simplelink.a : socket.obj (.text:_sl_HandleAsync_Select)
                  2000d82c    00000052     rtsv7M4_T_le_eabi.lib : _printfi.c.obj (.text:_ecpy)
                  2000d87e    00000002     --HOLE-- [fill = 0]
                  2000d880    00000050     simplelink.a : device.obj (.text:_sl_HandleAsync_Stop)
                  2000d8d0    0000004c     driverlib.a : spi.obj (.text:SPIIntEnable)
                  2000d91c    0000004c                 : spi.obj (.text:SPIIntNumberGet)
                  2000d968    0000004c     simplelink.a : driver.obj (.text:_SlDrvProtectAsyncRespSetting)
                  2000d9b4    0000004c                  : socket.obj (.text:_sl_BuildAddress)
                  2000da00    0000004c     rtsv7M4_T_le_eabi.lib : atoi.c.obj (.text:atoi)
                  2000da4c    0000004c     driverlib.a : udma.obj (.text:uDMAChannelAssign)
                  2000da98    00000048                 : gpio.obj (.text:GPIOGetIntNumber)
                  2000dae0    00000048                 : spi.obj (.text:SPIIntClear)
                  2000db28    00000048     simplelink.a : driver.obj (.text:_SlDrvBasicCmd)
                  2000db70    00000048     rtsv7M4_T_le_eabi.lib : fd_toi_t2.asm.obj (.text)
                  2000dbb8    00000044     driverlib.a : spi.obj (.text:SPIDmaMaskGet)
                  2000dbfc    00000044                 : timer.obj (.text:TimerConfigure)
                  2000dc40    00000044                 : uart.obj (.text:UARTIntNumberGet)
                  2000dc84    00000044     simplelink.a : driver.obj (.text:_SlDrvHandleHttpServerEvents)
                  2000dcc8    00000044                  : driver.obj (.text:_SlDrvSyncObjWaitTimeout)
                  2000dd0c    00000044     rtsv7M4_T_le_eabi.lib : autoinit.c.obj (.text:__TI_auto_init_nobinit_nopinit:__TI_auto_init_nobinit_nopinit)
                  2000dd50    00000044     simplelink.a : cc_pal.obj (.text:cc_SetupTransfer)
                  2000dd94    00000042                  : socket.obj (.text:sl_Htonl)
                  2000ddd6    00000002     --HOLE-- [fill = 0]
                  2000ddd8    00000040     driverlib.a : pin.obj (.text:PinModeSet)
                  2000de18    00000040     simplelink.a : driver.obj (.text:_SlDrvHandleNetAppEvents)
                  2000de58    00000040                  : driver.obj (.text:_SlDrvHandleWlanEvents)
                  2000de98    00000040                  : socket.obj (.text:_sl_TruncatePayloadByProtocol)
                  2000ded8    00000040     rtsv7M4_T_le_eabi.lib : sprintf.c.obj (.text:sprintf)
                  2000df18    00000040                           : vsnprintf.c.obj (.text:vsnprintf)
                  2000df58    0000003e     simplelink.a : cc_pal.obj (.text:NwpRegisterInterruptHandler)
                  2000df96    0000003e     rtsv7M4_T_le_eabi.lib : _printfi.c.obj (.text:_fcpy)
                  2000dfd4    0000003c     simplelink.a : netapp.obj (.text:CopyPingResultsToReport)
                  2000e010    0000003c     driverlib.a : prcm.obj (.text:PRCMPeripheralClkEnable)
                  2000e04c    0000003c     simplelink.a : cc_pal.obj (.text:simplelink_timerA2_start)
                  2000e088    0000003c                  : socket.obj (.text:sl_Htons)
                  2000e0c4    0000003c     driverlib.a : udma.obj (.text:uDMAChannelControlSet)
                  2000e100    00000038     simplelink.a : cc_pal.obj (.text:NwpPowerOff)
                  2000e138    00000038                  : wlan.obj (.text:sl_WlanDisconnect)
                  2000e170    00000036     driverlib.a : gpio.obj (.text:GPIODirModeSet)
                  2000e1a6    00000002     --HOLE-- [fill = 0]
                  2000e1a8    00000034                 : prcm.obj (.text:PRCMPeripheralStatusGet)
                  2000e1dc    00000034                 : spi.obj (.text:SPIFIFOLevelSet)
                  2000e210    00000034     rtsv7M4_T_le_eabi.lib : strstr.c.obj (.text:strstr)
                  2000e244    00000030     driverlib.a : pin.obj (.text:PinTypeGPIO)
                  2000e274    00000030                 : uart.obj (.text:UARTDisable)
                  2000e2a4    00000030     rtsv7M4_T_le_eabi.lib : vsnprintf.c.obj (.text:_outs)
                  2000e2d4    0000002e                           : i_tofd_t2.asm.obj (.text)
                  2000e302    0000002e                           : strncat.c.obj (.text:strncat)
                  2000e330    0000002c     simplelink.a : cc_pal.obj (.text:NwpPowerOn)
                  2000e35c    0000002c     driverlib.a : prcm.obj (.text:PRCMSysResetCauseGet)
                  2000e388    0000002c     simplelink.a : driver.obj (.text:_SlDrvObjGlobalLockWaitForever)
                  2000e3b4    0000002c                  : driver.obj (.text:_SlDrvProtectionObjLockWaitForever)
                  2000e3e0    0000002a     driverlib.a : timer.obj (.text:TimerLoadSet)
                  2000e40a    0000002a                 : timer.obj (.text:TimerPrescaleSet)
                  2000e434    00000028                 : prcm.obj (.text:PRCMPeripheralClkDisable)
                  2000e45c    00000028     simplelink.a : driver.obj (.text:_SlDrvGlobalObjUnLock)
                  2000e484    00000028                  : driver.obj (.text:_SlDrvProtectionObjUnLock)
                  2000e4ac    00000028                  : driver.obj (.text:_SlDrvSyncObjWaitForever)
                  2000e4d4    00000028     rtsv7M4_T_le_eabi.lib : memory.c.obj (.text:free_list_insert)
                  2000e4fc    00000028                           : memmov.c.obj (.text:memmove)
                  2000e524    00000026     simplelink.a : driver.obj (.text:_SlDrvObjLockWaitForever)
                  2000e54a    00000026     network_common.obj (.text)
                  2000e570    00000024     simplelink.a : cc_pal.obj (.text:DmaSpiSwIntHandler)
                  2000e594    00000024     driverlib.a : interrupt.obj (.text:IntUnregister)
                  2000e5b8    00000024                 : uart.obj (.text:UARTEnable)
                  2000e5dc    00000024     rtsv7M4_T_le_eabi.lib : boot_cortex_m.c.obj (.text:_c_int00_noargs:_c_int00_noargs)
                  2000e600    00000022     driverlib.a : gpio.obj (.text:GPIOIntStatus)
                  2000e622    00000022                 : spi.obj (.text:SPIReset)
                  2000e644    00000022                 : spi.obj (.text:SPIWordCountSet)
                  2000e666    00000020                 : gpio.obj (.text:GPIOPinWrite)
                  2000e686    00000002     --HOLE-- [fill = 0]
                  2000e688    00000020                 : interrupt.obj (.text:IntRegister)
                  2000e6a8    00000020     simplelink.a : cc_pal.obj (.text:NwpPrePowerOffTimout0)
                  2000e6c8    00000020                  : cc_pal.obj (.text:TimerGetCurrentTimestamp)
                  2000e6e8    00000020                  : driver.obj (.text:_SlDrvObjUnLock)
                  2000e708    00000020                  : driver.obj (.text:_SlDrvSyncObjSignal)
                  2000e728    0000001e     driverlib.a : gpio.obj (.text:GPIOIntRegister)
                  2000e746    0000001e                 : timer.obj (.text:TimerEnable)
                  2000e764    0000001e                 : uart.obj (.text:UARTCharPut)
                  2000e782    0000001e                 : uart.obj (.text:UARTIntRegister)
                  2000e7a0    0000001e                 : uart.obj (.text:UARTIntStatus)
                  2000e7be    0000001e     simplelink.a : cc_pal.obj (.text:cc_UDMAChannelSelect)
                  2000e7dc    0000001c     driverlib.a : pin.obj (.text:PinTypeI2C)
                  2000e7f8    0000001c                 : systick.obj (.text:SysTickIntRegister)
                  2000e814    0000001c                 : timer.obj (.text:TimerValueGet)
                  2000e830    0000001c                 : uart.obj (.text:UARTCharGetNonBlocking)
                  2000e84c    0000001c     simplelink.a : driver.obj (.text:_SlDrvStartMeasureTimeout)
                  2000e868    0000001c     rtsv7M4_T_le_eabi.lib : memory.c.obj (.text:free_list_remove)
                  2000e884    0000001c                           : memccpy.c.obj (.text:memccpy)
                  2000e8a0    0000001c     driverlib.a : udma.obj (.text:uDMAChannelEnable)
                  2000e8bc    0000001a                 : gpio.obj (.text:GPIOIntEnable)
                  2000e8d6    0000001a                 : pin.obj (.text:PinTypeSPI)
                  2000e8f0    0000001a                 : pin.obj (.text:PinTypeUART)
                  2000e90a    0000001a                 : spi.obj (.text:SPIDmaDisable)
                  2000e924    0000001a                 : spi.obj (.text:SPIDmaEnable)
                  2000e93e    0000001a                 : spi.obj (.text:SPIFIFODisable)
                  2000e958    0000001a                 : spi.obj (.text:SPIFIFOEnable)
                  2000e972    0000001a                 : spi.obj (.text:SPIIntUnregister)
                  2000e98c    00000018                 : spi.obj (.text:SPICSDisable)
                  2000e9a4    00000018                 : spi.obj (.text:SPICSEnable)
                  2000e9bc    00000018                 : spi.obj (.text:SPIDisable)
                  2000e9d4    00000018                 : spi.obj (.text:SPIEnable)
                  2000e9ec    00000018                 : systick.obj (.text:SysTickPeriodSet)
                  2000ea04    00000018                 : uart.obj (.text:UARTCharsAvail)
                  2000ea1c    00000018                 : uart.obj (.text:UARTIntEnable)
                  2000ea34    00000018     simplelink.a : nonos.obj (.text:_SlNonOsSemSet)
                  2000ea4c    00000018     rtsv7M4_T_le_eabi.lib : vsnprintf.c.obj (.text:_outc)
                  2000ea64    00000018                           : sprintf.c.obj (.text:_outs)
                  2000ea7c    00000018     simplelink.a : device.obj (.text:_sl_GetStartResponseConvert)
                  2000ea94    00000018     rtsv7M4_T_le_eabi.lib : ll_mul_t2.asm.obj (.text)
                  2000eaac    00000016     driverlib.a : prcm.obj (.text:PRCMHIBRegRead)
                  2000eac2    00000016                 : prcm.obj (.text:PRCMHIBRegWrite)
                  2000ead8    00000016                 : uart.obj (.text:UARTCharGet)
                  2000eaee    00000016     simplelink.a : driver.obj (.text:_SlDrvMemZero)
                  2000eb04    00000016     rtsv7M4_T_le_eabi.lib : strchr.c.obj (.text:strchr)
                  2000eb1a    00000014     driverlib.a : cpu.obj (.text:CPUcpsie)
                  2000eb2e    00000014                 : gpio.obj (.text:GPIOIntClear)
                  2000eb42    00000002     --HOLE-- [fill = 0]
                  2000eb44    00000014                 : interrupt.obj (.text:IntVTableBaseSet)
                  2000eb58    00000014     rtsv7M4_T_le_eabi.lib : strcpy.c.obj (.text:strcpy)
                  2000eb6c    00000014                           : strlen.c.obj (.text:strlen)
                  2000eb80    00000012     driverlib.a : uart.obj (.text:UARTIntClear)
                  2000eb92    00000012     rtsv7M4_T_le_eabi.lib : wcslen.c.obj (.text:wcslen)
                  2000eba4    00000010     driverlib.a : systick.obj (.text:SysTickEnable)
                  2000ebb4    00000010                 : systick.obj (.text:SysTickIntEnable)
                  2000ebc4    00000010     simplelink.a : driver.obj (.text:_SlDrvDispatchHttpServerEvents)
                  2000ebd4    0000000e                  : driver.obj (.text:_SlDrvResetCmdExt)
                  2000ebe2    0000000e     rtsv7M4_T_le_eabi.lib : copy_decompress_none.c.obj (.text:decompress:none:__TI_decompress_none)
                  2000ebf0    0000000e     startup_ccs.obj (.text)
                  2000ebfe    00000002     --HOLE-- [fill = 0]
                  2000ec00    0000000c     simplelink.a : cc_pal.obj (.text:NwpMaskInterrupt)
                  2000ec0c    0000000c                  : cc_pal.obj (.text:NwpUnMaskInterrupt)
                  2000ec18    0000000c     driverlib.a : systick.obj (.text:SysTickValueGet)
                  2000ec24    0000000c     rtsv7M4_T_le_eabi.lib : s_copysign.c.obj (.text:copysign)
                  2000ec30    0000000c                           : copy_zero_init.c.obj (.text:decompress:ZI:__TI_zero_init)
                  2000ec3c    0000000a     driverlib.a : interrupt.obj (.text:IntMasterEnable)
                  2000ec46    0000000a     rtsv7M4_T_le_eabi.lib : sprintf.c.obj (.text:_outc)
                  2000ec50    00000008                           : errno.c.obj (.text:__aeabi_errno_addr)
                  2000ec58    00000008                           : memory.c.obj (.text:malloc)
                  2000ec60    00000006     driverlib.a : utils.obj (.text:UtilsDelay)
                  2000ec66    00000004     rtsv7M4_T_le_eabi.lib : pre_init.c.obj (.text:_system_pre_init)
                  2000ec6a    00000004                           : exit.c.obj (.text:abort:abort)

.const     0    2000ec70    00000adc     
                  2000ec70    000004fb     Adafruit_GFX.obj (.const:.string:font)
                  2000f16b    00000101     rtsv7M4_T_le_eabi.lib : ctype.c.obj (.const:.string:_ctypes_)
                  2000f26c    00000100     driverlib.a : pin.obj (.const:g_ulPinToPadMap)
                  2000f36c    000000d4                 : interrupt.obj (.const:g_pulRegs)
                  2000f440    000000a8                 : prcm.obj (.const:PRCM_PeriphRegsList)
                  2000f4e8    0000003c     simplelink.a : driver.obj (.const:OpcodeTranslateTable)
                  2000f524    00000038                  : driver.obj (.const:_SlActionLookupTable)
                  2000f55c    0000002c     network_utils.obj (.const:$P$T1$2)
                  2000f588    00000024     driverlib.a : spi.obj (.const:g_ppulSPIIntMap)
                  2000f5ac    00000022     network_utils.obj (.const:.string:$P$T0$1)
                  2000f5ce    00000002     --HOLE-- [fill = 0]
                  2000f5d0    00000020     simplelink.a : driver.obj (.const:RxMsgClassLUT)
                  2000f5f0    00000018     driverlib.a : interrupt.obj (.const:g_pulDisRegs)
                  2000f608    00000018                 : interrupt.obj (.const:g_pulEnRegs)
                  2000f620    00000018                 : interrupt.obj (.const:g_pulUnpendRegs)
                  2000f638    00000018                 : spi.obj (.const:g_ulSPIDmaMaskMap)
                  2000f650    00000014     simplelink.a : driver.obj (.const:$P$T0$1)
                  2000f664    00000014                  : nonos.obj (.const:$P$T0$1)
                  2000f678    00000014     network_utils.obj (.const:$P$T2$3)
                  2000f68c    00000010     simplelink.a : socket.obj (.const:.string:_SlPayloadByProtocolLUT)
                  2000f69c    00000010     driverlib.a : uart.obj (.const:g_ppulUARTIntMap)
                  2000f6ac    0000000c     network_utils.obj (.const:$P$T4$5)
                  2000f6b8    0000000c     network_utils.obj (.const:.string:$P$T3$4)
                  2000f6c4    00000009     main.obj (.const:.string:$P$T0$1)
                  2000f6cd    00000008     simplelink.a : device.obj (.const:StartResponseLUT)
                  2000f6d5    00000003     --HOLE-- [fill = 0]
                  2000f6d8    00000008                  : driver.obj (.const:g_H2NCnysPattern)
                  2000f6e0    00000008                  : driver.obj (.const:g_H2NSyncPattern)
                  2000f6e8    00000005     main.obj (.const:.string:$P$T1$2)
                  2000f6ed    00000005     main.obj (.const:.string:$P$T2$3)
                  2000f6f2    00000004     simplelink.a : wlan.obj (.const:$P$T0$1)
                  2000f6f6    00000004                  : socket.obj (.const:$P$T2$3)
                  2000f6fa    00000004     main.obj (.const:.string:$P$T3$4)
                  2000f6fe    00000004     simplelink.a : device.obj (.const:_SlDeviceGetCmdCtrl)
                  2000f702    00000004                  : device.obj (.const:_SlDeviceSetCmdCtrl)
                  2000f706    00000004                  : netapp.obj (.const:_SlGetHostByNameCtrl)
                  2000f70a    00000004                  : netapp.obj (.const:_SlNetAppSendTokenValueCmdCtrl)
                  2000f70e    00000004                  : netcfg.obj (.const:_SlNetCfgSetCmdCtrl)
                  2000f712    00000004                  : wlan.obj (.const:_SlPolicySetCmdCtrl)
                  2000f716    00000004                  : wlan.obj (.const:_SlProfileDelCmdCtrl)
                  2000f71a    00000004                  : socket.obj (.const:_SlRecvCmdCtrl)
                  2000f71e    00000004                  : netapp.obj (.const:_SlRegisterServiceCtrl)
                  2000f722    00000004                  : wlan.obj (.const:_SlRxFilterSetCmdCtrl)
                  2000f726    00000004                  : socket.obj (.const:_SlSendCmdCtrl)
                  2000f72a    00000004                  : socket.obj (.const:_SlSetSockOptCmdCtrl)
                  2000f72e    00000004                  : socket.obj (.const:_SlSockCloseCmdCtrl)
                  2000f732    00000004                  : socket.obj (.const:_SlSockSocketCmdCtrl)
                  2000f736    00000004                  : device.obj (.const:_SlStopCmdCtrl)
                  2000f73a    00000004                  : wlan.obj (.const:_SlWlanCfgSetCmdCtrl)
                  2000f73e    00000004                  : wlan.obj (.const:_SlWlanSetModeCmdCtrl)
                  2000f742    00000002     --HOLE-- [fill = 0]
                  2000f744    00000004                  : driver.obj (.const:httpServer_callbacks)
                  2000f748    00000004                  : driver.obj (.const:netApp_callbacks)

.cinit     0    2000f750    00000090     
                  2000f750    00000067     (.cinit..data.load) [load image, compression = lzss]
                  2000f7b7    00000001     --HOLE-- [fill = 0]
                  2000f7b8    0000000c     (__TI_handler_table)
                  2000f7c4    00000004     --HOLE-- [fill = 0]
                  2000f7c8    00000008     (.cinit..bss.load) [load image, compression = zero_init]
                  2000f7d0    00000010     (__TI_cinit_table)

.sysmem    0    20017000    00008000     UNINITIALIZED
                  20017000    00000010     rtsv7M4_T_le_eabi.lib : memory.c.obj (.sysmem)
                  20017010    00007ff0     --HOLE--

.bss       0    2001f000    00000933     UNINITIALIZED
                  2001f000    000005b4     (.common:getreqmsg)
                  2001f5b4    00000168     simplelink.a : driver.obj (.bss:g_StatMem)
                  2001f71c    00000100     (.common:DATA1)
                  2001f81c    00000050     (.common:g_ucDinDout)
                  2001f86c    00000050     (.common:get_message)
                  2001f8bc    0000002c     (.common:g_time)
                  2001f8e8    00000024     (.common:g_ucConnectionSSID)
                  2001f90c    00000008     (.common:g_app_config)
                  2001f914    00000008     (.common:g_ucConnectionBSSID)
                  2001f91c    00000004     Adafruit_OLED.obj (.bss:g_ucTxBuff)
                  2001f920    00000004     uart_if.obj (.bss)
                  2001f924    00000004     (.common:button)
                  2001f928    00000004     (.common:g_Host)
                  2001f92c    00000004     (.common:g_port)
                  2001f930    00000001     (.common:RxIrqCnt)
                  2001f931    00000001     (.common:g_bDeviceRestartIsRequired)
                  2001f932    00000001     (.common:g_cDummy)

.data      0    2001f938    000000f8     UNINITIALIZED
                  2001f938    0000003c     simplelink.a : nonos.obj (.data:g__SlNonOsCB)
                  2001f974    00000004     rtsv7M4_T_le_eabi.lib : errno.c.obj (.data)
                  2001f978    00000030     main.obj (.data)
                  2001f9a8    00000025     main.obj (.data:DATA1BEFORE)
                  2001f9cd    00000003     --HOLE--
                  2001f9d0    00000015     Adafruit_GFX.obj (.data)
                  2001f9e5    00000003     --HOLE--
                  2001f9e8    0000000d     simplelink.a : driver.obj (.data)
                  2001f9f5    00000003     --HOLE--
                  2001f9f8    0000000c     network_utils.obj (.data)
                  2001fa04    0000000b     main.obj (.data:DATA1AFTER)
                  2001fa0f    00000001     --HOLE--
                  2001fa10    00000009     simplelink.a : cc_pal.obj (.data)
                  2001fa19    00000003     --HOLE--
                  2001fa1c    00000008     rtsv7M4_T_le_eabi.lib : _lock.c.obj (.data:$O1$$)
                  2001fa24    00000008                           : memory.c.obj (.data:$O1$$)
                  2001fa2c    00000004     simplelink.a : driver.obj (.data:wlan_callbacks)

.stack     0    2002f000    00001000     UNINITIALIZED
                  2002f000    00000004     rtsv7M4_T_le_eabi.lib : boot_cortex_m.c.obj (.stack)
                  2002f004    00000ffc     --HOLE--

__llvm_prf_cnts 
*          0    20017000    00000000     UNINITIALIZED

MODULE SUMMARY

       Module                       code    ro data   rw data
       ------                       ----    -------   -------
    .\
       main.obj                     4260    23        1896   
       Adafruit_GFX.obj             2736    1275      21     
       Adafruit_OLED.obj            1178    0         4      
       startup_ccs.obj              14      1024      0      
       uart_if.obj                  636     0         4      
       pin_mux_config.obj           348     0         0      
       network_common.obj           38      0         0      
    +--+----------------------------+-------+---------+---------+
       Total:                       9210    2322      1925   
                                                             
    .\utils\
       network_utils.obj            3724    122       116    
    +--+----------------------------+-------+---------+---------+
       Total:                       3724    122       116    
                                                             
    C:/ti/CC3200SDK_1.5.0/cc3200-sdk/driverlib/ccs/Release/driverlib.a
       spi.obj                      1532    60        0      
       prcm.obj                     852     168       0      
       interrupt.obj                608     284       0      
       udma.obj                     604     0         0      
       pin.obj                      328     256       0      
       uart.obj                     476     16        0      
       gpio.obj                     398     0         0      
       timer.obj                    210     0         0      
       systick.obj                  96      0         0      
       cpu.obj                      20      0         0      
       utils.obj                    6       0         0      
    +--+----------------------------+-------+---------+---------+
       Total:                       5130    784       0      
                                                             
    C:/ti/CC3200SDK_1.5.0/cc3200-sdk/simplelink/ccs/NON_OS/simplelink.a
       driver.obj                   7906    192       379    
       cc_pal.obj                   1820    0         90     
       socket.obj                   1830    40        0      
       netapp.obj                   1572    12        0      
       wlan.obj                     1316    24        0      
       device.obj                   1230    20        0      
       nonos.obj                    416     20        60     
       netcfg.obj                   152     4         0      
    +--+----------------------------+-------+---------+---------+
       Total:                       16242   312       529    
                                                             
    C:\ti\ccs1250\ccs\tools\compiler\ti-cgt-arm_20.2.7.LTS\lib\rtsv7M4_T_le_eabi.lib
       _printfi.c.obj               4835    0         0      
       memory.c.obj                 900     0         8      
       fd_add_t2.asm.obj            438     0         0      
       fd_div_t2.asm.obj            310     0         0      
       fd_cmp_t2.asm.obj            268     0         0      
       ctype.c.obj                  0       257       0      
       fd_mul_t2.asm.obj            252     0         0      
       s_scalbn.c.obj               208     0         0      
       memcpy_t2.asm.obj            156     0         0      
       ull_div_t2.asm.obj           150     0         0      
       vsnprintf.c.obj              136     0         0      
       memset_t2.asm.obj            122     0         0      
       copy_decompress_lzss.c.obj   104     0         0      
       sprintf.c.obj                98      0         0      
       s_frexp.c.obj                92      0         0      
       _ltoa.c.obj                  84      0         0      
       atoi.c.obj                   76      0         0      
       fd_toi_t2.asm.obj            72      0         0      
       autoinit.c.obj               68      0         0      
       strstr.c.obj                 52      0         0      
       i_tofd_t2.asm.obj            46      0         0      
       strncat.c.obj                46      0         0      
       memmov.c.obj                 40      0         0      
       boot_cortex_m.c.obj          36      0         0      
       memccpy.c.obj                28      0         0      
       ll_mul_t2.asm.obj            24      0         0      
       strchr.c.obj                 22      0         0      
       strcpy.c.obj                 20      0         0      
       strlen.c.obj                 20      0         0      
       wcslen.c.obj                 18      0         0      
       copy_decompress_none.c.obj   14      0         0      
       copy_zero_init.c.obj         12      0         0      
       errno.c.obj                  8       0         4      
       s_copysign.c.obj             12      0         0      
       _lock.c.obj                  2       0         8      
       exit.c.obj                   4       0         0      
       pre_init.c.obj               4       0         0      
       div0.asm.obj                 2       0         0      
    +--+----------------------------+-------+---------+---------+
       Total:                       8779    257       20     
                                                             
       Heap:                        0       0         32768  
       Stack:                       0       0         4096   
       Linker Generated:            0       139       0      
    +--+----------------------------+-------+---------+---------+
       Grand Total:                 43085   3936      39454  


LINKER GENERATED COPY TABLES

__TI_cinit_table @ 2000f7d0 records: 2, size/record: 8, table size: 16
	.data: load addr=2000f750, load size=00000067 bytes, run addr=2001f938, run size=000000f8 bytes, compression=lzss
	.bss: load addr=2000f7c8, load size=00000008 bytes, run addr=2001f000, run size=00000933 bytes, compression=zero_init


LINKER GENERATED HANDLER TABLE

__TI_handler_table @ 2000f7b8 records: 3, size/record: 4, table size: 12
	index: 0, handler: __TI_decompress_lzss
	index: 1, handler: __TI_decompress_none
	index: 2, handler: __TI_zero_init


GLOBAL SYMBOLS: SORTED ALPHABETICALLY BY Name 

address   name                                  
-------   ----                                  
20007e3d  Adafruit_Init                         
2000ec6b  C$$EXIT                               
2000eb1b  CPUcpsie                              
2000851d  ClearTerm                             
20007fb3  Color565                              
2001f71c  DATA1                                 
2001fa04  DATA1AFTER                            
2001f9a8  DATA1BEFORE                           
2000e571  DmaSpiSwIntHandler                    
20008527  Error                                 
2000e171  GPIODirModeSet                        
2000eb2f  GPIOIntClear                          
2000e8bd  GPIOIntEnable                         
2000e729  GPIOIntRegister                       
2000e601  GPIOIntStatus                         
2000cc61  GPIOIntTypeSet                        
2000e667  GPIOPinWrite                          
2000855f  GetCmd                                
200084dd  InitTerm                              
2000bcc5  IntDisable                            
2000bd6d  IntEnable                             
2000ec3d  IntMasterEnable                       
2000d5d5  IntPendClear                          
2000d6dd  IntPrioritySet                        
2000e689  IntRegister                           
2000e595  IntUnregister                         
2000eb45  IntVTableBaseSet                      
200084fb  Message                               
2000ec01  NwpMaskInterrupt                      
2000e101  NwpPowerOff                           
2000e331  NwpPowerOn                            
2000e6a9  NwpPrePowerOffTimout0                 
2000df59  NwpRegisterInterruptHandler           
2000ec0d  NwpUnMaskInterrupt                    
2000f4e8  OpcodeTranslateTable                  
20006cdb  Outstr                                
200099ad  PRCMCC3200MCUInit                     
2000eaad  PRCMHIBRegRead                        
2000eac3  PRCMHIBRegWrite                       
2000e435  PRCMPeripheralClkDisable              
2000e011  PRCMPeripheralClkEnable               
2000c4c1  PRCMPeripheralClockGet                
2000d62d  PRCMPeripheralReset                   
2000e1a9  PRCMPeripheralStatusGet               
2000e35d  PRCMSysResetCauseGet                  
2000c9c1  PinConfigSet                          
2000ddd9  PinModeSet                            
20009c95  PinMuxConfig                          
2000e245  PinTypeGPIO                           
2000e7dd  PinTypeI2C                            
2000e8d7  PinTypeSPI                            
2000e8f1  PinTypeUART                           
2000869d  Report                                
2000ebf1  ResetISR                              
2001f930  RxIrqCnt                              
2000e98d  SPICSDisable                          
2000e9a5  SPICSEnable                           
2000beb9  SPIConfigSetExpClk                    
2000e9bd  SPIDisable                            
2000e90b  SPIDmaDisable                         
2000e925  SPIDmaEnable                          
2000e9d5  SPIEnable                             
2000e93f  SPIFIFODisable                        
2000e959  SPIFIFOEnable                         
2000e1dd  SPIFIFOLevelSet                       
2000dae1  SPIIntClear                           
2000d8d1  SPIIntEnable                          
2000e973  SPIIntUnregister                      
2000e623  SPIReset                              
2000ca49  SPITransfer                           
2000e645  SPIWordCountSet                       
20005679  SimpleLinkGeneralEventHandler         
20005655  SimpleLinkHttpServerCallback          
200055b3  SimpleLinkNetAppEventHandler          
20005699  SimpleLinkSockEventHandler            
200054a5  SimpleLinkWlanEventHandler            
2000eba5  SysTickEnable                         
2000ebb5  SysTickIntEnable                      
2000e7f9  SysTickIntRegister                    
2000e9ed  SysTickPeriodSet                      
2000ec19  SysTickValueGet                       
2000dbfd  TimerConfigure                        
2000e747  TimerEnable                           
2000e6c9  TimerGetCurrentTimestamp              
2000e3e1  TimerLoadSet                          
2000e40b  TimerPrescaleSet                      
2000e815  TimerValueGet                         
20008605  TrimSpace                             
2000ead9  UARTCharGet                           
2000e831  UARTCharGetNonBlocking                
2000e765  UARTCharPut                           
2000ea05  UARTCharsAvail                        
2000cf59  UARTConfigSetExpClk                   
2000e275  UARTDisable                           
2000e5b9  UARTEnable                            
2000eb81  UARTIntClear                          
2000ea1d  UARTIntEnable                         
2000e783  UARTIntRegister                       
2000e7a1  UARTIntStatus                         
2000ec61  UtilsDelay                            
2000f524  _SlActionLookupTable                  
2000be15  _SlDriverHandleError                  
2000db29  _SlDrvBasicCmd                        
2000b9e9  _SlDrvCmdOp                           
2000d125  _SlDrvCmdSend                         
20008c09  _SlDrvDataReadOp                      
20009df1  _SlDrvDataWriteOp                     
2000c095  _SlDrvDeviceEventHandler              
2000ebc5  _SlDrvDispatchHttpServerEvents        
2000a6b9  _SlDrvDriverCBDeinit                  
20009341  _SlDrvDriverCBInit                    
2000e45d  _SlDrvGlobalObjUnLock                 
2000dc85  _SlDrvHandleHttpServerEvents          
2000de19  _SlDrvHandleNetAppEvents              
2000de59  _SlDrvHandleWlanEvents                
2000c81d  _SlDrvIsTimeoutExpired                
2000eaef  _SlDrvMemZero                         
2000b0ad  _SlDrvMsgReadSpawnCtx                 
2000a909  _SlDrvNetAppEventHandler              
2000e525  _SlDrvObjLockWaitForever              
2000e6e9  _SlDrvObjUnLock                       
2000d969  _SlDrvProtectAsyncRespSetting         
2000e3b5  _SlDrvProtectionObjLockWaitForever    
2000e485  _SlDrvProtectionObjUnLock             
20008ded  _SlDrvReleasePoolObj                  
2000ebd5  _SlDrvResetCmdExt                     
2000d731  _SlDrvRxIrqHandler                    
2000e84d  _SlDrvStartMeasureTimeout             
2000e709  _SlDrvSyncObjSignal                   
2000e4ad  _SlDrvSyncObjWaitForever              
2000dcc9  _SlDrvSyncObjWaitTimeout              
20009691  _SlDrvWaitForPoolObj                  
2000f70a  _SlNetAppSendTokenValueCmdCtrl        
2000cfd1  _SlNonOsMainLoopTask                  
2000bc15  _SlNonOsSemGet                        
2000ea35  _SlNonOsSemSet                        
2000d265  _SlNonOsSpawn                         
20030000  __STACK_END                           
00001000  __STACK_SIZE                          
00008000  __SYSMEM_SIZE                         
2000f7d0  __TI_CINIT_Base                       
2000f7e0  __TI_CINIT_Limit                      
2000f7b8  __TI_Handler_Table_Base               
2000f7c4  __TI_Handler_Table_Limit              
2000dd0d  __TI_auto_init_nobinit_nopinit        
2000d1fd  __TI_decompress_lzss                  
2000ebe3  __TI_decompress_none                  
2000d785  __TI_ltoa                             
ffffffff  __TI_pprof_out_hndl                   
20006de1  __TI_printfi                          
ffffffff  __TI_prof_data_size                   
ffffffff  __TI_prof_data_start                  
2000f750  __TI_static_base__                    
2000ec31  __TI_zero_init                        
2000cad1  __aeabi_cdcmpeq                       
2000cad1  __aeabi_cdcmple                       
2000cb57  __aeabi_cdrcmple                      
2000db71  __aeabi_d2iz                          
20009193  __aeabi_dadd                          
2000a44d  __aeabi_ddiv                          
2000ab0d  __aeabi_dmul                          
20009189  __aeabi_dsub                          
2000ec51  __aeabi_errno_addr                    
2000e2d5  __aeabi_i2d                           
2000933f  __aeabi_idiv0                         
2000933f  __aeabi_ldiv0                         
2000ea95  __aeabi_lmul                          
2000ce65  __aeabi_memclr                        
2000ce65  __aeabi_memclr4                       
2000ce65  __aeabi_memclr8                       
2000bff9  __aeabi_memcpy                        
2000bff9  __aeabi_memcpy4                       
2000bff9  __aeabi_memcpy8                       
2000ce67  __aeabi_memset                        
2000ce67  __aeabi_memset4                       
2000ce67  __aeabi_memset8                       
2000c429  __aeabi_uldivmod                      
ffffffff  __binit__                             
ffffffff  __c_args__                            
UNDEFED   __mpu_init                            
2002f000  __stack                               
20017000  __start___llvm_prf_cnts               
20017000  __stop___llvm_prf_cnts                
2000e5dd  _c_int00_noargs                       
2000f16b  _ctypes_                              
2001fa1c  _lock                                 
2000825b  _nop                                  
2000d2c9  _sl_HandleAsync_Accept                
2000cce5  _sl_HandleAsync_Connect               
2000c555  _sl_HandleAsync_DnsGetHostByName      
2000b78d  _sl_HandleAsync_DnsGetHostByService   
2000c8a9  _sl_HandleAsync_InitComplete          
2000c5e5  _sl_HandleAsync_PingResponse          
2000d7d9  _sl_HandleAsync_Select                
2000d881  _sl_HandleAsync_Stop                  
2000d191  _sl_NetAppSendTokenValue              
20017000  _sys_memory                           
UNDEFED   _system_post_cinit                    
2000ec67  _system_pre_init                      
2001fa20  _unlock                               
2000ec6b  abort                                 
2000aa0d  aligned_alloc                         
2000da01  atoi                                  
ffffffff  binit                                 
2001f990  buffer                                
2001f924  button                                
2000469d  buttonDecode                          
2001f998  button_delay_us                       
20006021  connectToAccessPoint                  
2000ec25  copysign                              
2000ec25  copysignl                             
2001f978  counter                               
2001f9d0  cursor_x                              
2001f9d4  cursor_y                              
20006b8f  drawChar                              
20006331  drawCircle                            
20006465  drawCircleHelper                      
20008165  drawFastHLine                         
200080c9  drawFastVLine                         
200066ab  drawLine                              
20008201  drawPixel                             
20006797  drawRect                              
200067e5  drawRoundRect                         
2000694d  drawTriangle                          
2001f974  errno                                 
20006583  fillCircle                            
200065bd  fillCircleHelper                      
2000800b  fillRect                              
200068d3  fillRoundRect                         
20007ff5  fillScreen                            
2000698f  fillTriangle                          
2000b195  free                                  
2000d579  frexp                                 
2000d579  frexpl                                
2001f928  g_Host                                
2001f9e8  g_SlDeviceStatus                      
2001fa10  g_SpiFd                               
2001f938  g__SlNonOsCB                          
2001f90c  g_app_config                          
2001f931  g_bDeviceRestartIsRequired            
2001f932  g_cDummy                              
2001f9ec  g_pCB                                 
2001fa14  g_pHostIntHdl                         
20004000  g_pfnVectors                          
2001f92c  g_port                                
2001f8bc  g_time                                
2001f914  g_ucConnectionBSSID                   
2001f8e8  g_ucConnectionSSID                    
2001fa18  g_ucDMAEnabled                        
2001f81c  g_ucDinDout                           
2001fa00  g_ulGatewayIP                         
2001f9fc  g_ulPingPacketsRecv                   
2001f9f8  g_ulStatus                            
2001f86c  get_message                           
2001f000  getreqmsg                             
20007f6f  goTo                                  
2001f97c  gotmsg                                
20006dbf  height                                
2000823f  invert                                
2001f9a4  lRetVal                               
2000b5ed  ldexp                                 
2000b5ed  ldexpl                                
20004aa5  main                                  
2000ec59  malloc                                
2000aa0d  memalign                              
2000e885  memccpy                               
2000bff9  memcpy                                
2000e4fd  memmove                               
2000ce6d  memset                                
2001f9f0  pPingCallBackFunc                     
2000b279  realloc                               
2001f9a0  received                              
2000b5ed  scalbn                                
2000b5ed  scalbnl                               
20004869  selectChar                            
20006d57  setCursor                             
20006d8f  setTextColor                          
20006d6f  setTextSize                           
20006da7  setTextWrap                           
2000e04d  simplelink_timerA2_start              
2000d459  sl_Close                              
20009821  sl_Connect                            
2000b859  sl_DevGet                             
2000c131  sl_DevSet                             
2000dd95  sl_Htonl                              
2000e089  sl_Htons                              
2000a1cd  sl_NetAppDnsGetHostByName             
2000b35d  sl_NetAppMDNSRegisterUnregisterService
2000d32d  sl_NetAppMDNSUnRegisterService        
2000c1c9  sl_NetCfgSet                          
2000e54b  sl_Provisioning_HttpServerEventHdl    
2000e559  sl_Provisioning_NetAppEventHdl        
2000e565  sl_Provisioning_WlanEventHdl          
2000bf59  sl_Recv                               
2000a585  sl_Send                               
2000c261  sl_SetSockOpt                         
2000c935  sl_Socket                             
2000aed9  sl_Start                              
2000ac09  sl_Stop                               
2000825d  sl_WlanConnect                        
2000e139  sl_WlanDisconnect                     
2000c675  sl_WlanPolicySet                      
2000d4b9  sl_WlanProfileDel                     
2000cbdd  sl_WlanRxFilterSet                    
2000c2f9  sl_WlanSet                            
2000d519  sl_WlanSetMode                        
2000cee1  spi_Close                             
20009f41  spi_Open                              
2000acf9  spi_Read                              
2000c391  spi_Write                             
2000ded9  sprintf                               
2000eb05  strchr                                
2000eb59  strcpy                                
2000eb6d  strlen                                
2000e303  strncat                               
2000e211  strstr                                
2001f980  systick_expired                       
2001f9e0  textbgcolor                           
2001f9dc  textcolor                             
2001f9d8  textsize                              
20005e11  tls_connect                           
2000da4d  uDMAChannelAssign                     
2000d391  uDMAChannelAttributeDisable           
2000d3f5  uDMAChannelAttributeEnable            
2000e0c5  uDMAChannelControlSet                 
2000e8a1  uDMAChannelEnable                     
2000ade9  uDMAChannelTransferSet                
2001f988  ulsystick_delta_us                    
2000df19  vsnprintf                             
2000eb93  wcslen                                
20006dbb  width                                 
2001f9e4  wrap                                  
20007dc1  writeCommand                          
20007dff  writeData                             


GLOBAL SYMBOLS: SORTED BY Symbol Address 

address   name                                  
-------   ----                                  
00001000  __STACK_SIZE                          
00008000  __SYSMEM_SIZE                         
20004000  g_pfnVectors                          
2000469d  buttonDecode                          
20004869  selectChar                            
20004aa5  main                                  
200054a5  SimpleLinkWlanEventHandler            
200055b3  SimpleLinkNetAppEventHandler          
20005655  SimpleLinkHttpServerCallback          
20005679  SimpleLinkGeneralEventHandler         
20005699  SimpleLinkSockEventHandler            
20005e11  tls_connect                           
20006021  connectToAccessPoint                  
20006331  drawCircle                            
20006465  drawCircleHelper                      
20006583  fillCircle                            
200065bd  fillCircleHelper                      
200066ab  drawLine                              
20006797  drawRect                              
200067e5  drawRoundRect                         
200068d3  fillRoundRect                         
2000694d  drawTriangle                          
2000698f  fillTriangle                          
20006b8f  drawChar                              
20006cdb  Outstr                                
20006d57  setCursor                             
20006d6f  setTextSize                           
20006d8f  setTextColor                          
20006da7  setTextWrap                           
20006dbb  width                                 
20006dbf  height                                
20006de1  __TI_printfi                          
20007dc1  writeCommand                          
20007dff  writeData                             
20007e3d  Adafruit_Init                         
20007f6f  goTo                                  
20007fb3  Color565                              
20007ff5  fillScreen                            
2000800b  fillRect                              
200080c9  drawFastVLine                         
20008165  drawFastHLine                         
20008201  drawPixel                             
2000823f  invert                                
2000825b  _nop                                  
2000825d  sl_WlanConnect                        
200084dd  InitTerm                              
200084fb  Message                               
2000851d  ClearTerm                             
20008527  Error                                 
2000855f  GetCmd                                
20008605  TrimSpace                             
2000869d  Report                                
20008c09  _SlDrvDataReadOp                      
20008ded  _SlDrvReleasePoolObj                  
20009189  __aeabi_dsub                          
20009193  __aeabi_dadd                          
2000933f  __aeabi_idiv0                         
2000933f  __aeabi_ldiv0                         
20009341  _SlDrvDriverCBInit                    
20009691  _SlDrvWaitForPoolObj                  
20009821  sl_Connect                            
200099ad  PRCMCC3200MCUInit                     
20009c95  PinMuxConfig                          
20009df1  _SlDrvDataWriteOp                     
20009f41  spi_Open                              
2000a1cd  sl_NetAppDnsGetHostByName             
2000a44d  __aeabi_ddiv                          
2000a585  sl_Send                               
2000a6b9  _SlDrvDriverCBDeinit                  
2000a909  _SlDrvNetAppEventHandler              
2000aa0d  aligned_alloc                         
2000aa0d  memalign                              
2000ab0d  __aeabi_dmul                          
2000ac09  sl_Stop                               
2000acf9  spi_Read                              
2000ade9  uDMAChannelTransferSet                
2000aed9  sl_Start                              
2000b0ad  _SlDrvMsgReadSpawnCtx                 
2000b195  free                                  
2000b279  realloc                               
2000b35d  sl_NetAppMDNSRegisterUnregisterService
2000b5ed  ldexp                                 
2000b5ed  ldexpl                                
2000b5ed  scalbn                                
2000b5ed  scalbnl                               
2000b78d  _sl_HandleAsync_DnsGetHostByService   
2000b859  sl_DevGet                             
2000b9e9  _SlDrvCmdOp                           
2000bc15  _SlNonOsSemGet                        
2000bcc5  IntDisable                            
2000bd6d  IntEnable                             
2000be15  _SlDriverHandleError                  
2000beb9  SPIConfigSetExpClk                    
2000bf59  sl_Recv                               
2000bff9  __aeabi_memcpy                        
2000bff9  __aeabi_memcpy4                       
2000bff9  __aeabi_memcpy8                       
2000bff9  memcpy                                
2000c095  _SlDrvDeviceEventHandler              
2000c131  sl_DevSet                             
2000c1c9  sl_NetCfgSet                          
2000c261  sl_SetSockOpt                         
2000c2f9  sl_WlanSet                            
2000c391  spi_Write                             
2000c429  __aeabi_uldivmod                      
2000c4c1  PRCMPeripheralClockGet                
2000c555  _sl_HandleAsync_DnsGetHostByName      
2000c5e5  _sl_HandleAsync_PingResponse          
2000c675  sl_WlanPolicySet                      
2000c81d  _SlDrvIsTimeoutExpired                
2000c8a9  _sl_HandleAsync_InitComplete          
2000c935  sl_Socket                             
2000c9c1  PinConfigSet                          
2000ca49  SPITransfer                           
2000cad1  __aeabi_cdcmpeq                       
2000cad1  __aeabi_cdcmple                       
2000cb57  __aeabi_cdrcmple                      
2000cbdd  sl_WlanRxFilterSet                    
2000cc61  GPIOIntTypeSet                        
2000cce5  _sl_HandleAsync_Connect               
2000ce65  __aeabi_memclr                        
2000ce65  __aeabi_memclr4                       
2000ce65  __aeabi_memclr8                       
2000ce67  __aeabi_memset                        
2000ce67  __aeabi_memset4                       
2000ce67  __aeabi_memset8                       
2000ce6d  memset                                
2000cee1  spi_Close                             
2000cf59  UARTConfigSetExpClk                   
2000cfd1  _SlNonOsMainLoopTask                  
2000d125  _SlDrvCmdSend                         
2000d191  _sl_NetAppSendTokenValue              
2000d1fd  __TI_decompress_lzss                  
2000d265  _SlNonOsSpawn                         
2000d2c9  _sl_HandleAsync_Accept                
2000d32d  sl_NetAppMDNSUnRegisterService        
2000d391  uDMAChannelAttributeDisable           
2000d3f5  uDMAChannelAttributeEnable            
2000d459  sl_Close                              
2000d4b9  sl_WlanProfileDel                     
2000d519  sl_WlanSetMode                        
2000d579  frexp                                 
2000d579  frexpl                                
2000d5d5  IntPendClear                          
2000d62d  PRCMPeripheralReset                   
2000d6dd  IntPrioritySet                        
2000d731  _SlDrvRxIrqHandler                    
2000d785  __TI_ltoa                             
2000d7d9  _sl_HandleAsync_Select                
2000d881  _sl_HandleAsync_Stop                  
2000d8d1  SPIIntEnable                          
2000d969  _SlDrvProtectAsyncRespSetting         
2000da01  atoi                                  
2000da4d  uDMAChannelAssign                     
2000dae1  SPIIntClear                           
2000db29  _SlDrvBasicCmd                        
2000db71  __aeabi_d2iz                          
2000dbfd  TimerConfigure                        
2000dc85  _SlDrvHandleHttpServerEvents          
2000dcc9  _SlDrvSyncObjWaitTimeout              
2000dd0d  __TI_auto_init_nobinit_nopinit        
2000dd95  sl_Htonl                              
2000ddd9  PinModeSet                            
2000de19  _SlDrvHandleNetAppEvents              
2000de59  _SlDrvHandleWlanEvents                
2000ded9  sprintf                               
2000df19  vsnprintf                             
2000df59  NwpRegisterInterruptHandler           
2000e011  PRCMPeripheralClkEnable               
2000e04d  simplelink_timerA2_start              
2000e089  sl_Htons                              
2000e0c5  uDMAChannelControlSet                 
2000e101  NwpPowerOff                           
2000e139  sl_WlanDisconnect                     
2000e171  GPIODirModeSet                        
2000e1a9  PRCMPeripheralStatusGet               
2000e1dd  SPIFIFOLevelSet                       
2000e211  strstr                                
2000e245  PinTypeGPIO                           
2000e275  UARTDisable                           
2000e2d5  __aeabi_i2d                           
2000e303  strncat                               
2000e331  NwpPowerOn                            
2000e35d  PRCMSysResetCauseGet                  
2000e3b5  _SlDrvProtectionObjLockWaitForever    
2000e3e1  TimerLoadSet                          
2000e40b  TimerPrescaleSet                      
2000e435  PRCMPeripheralClkDisable              
2000e45d  _SlDrvGlobalObjUnLock                 
2000e485  _SlDrvProtectionObjUnLock             
2000e4ad  _SlDrvSyncObjWaitForever              
2000e4fd  memmove                               
2000e525  _SlDrvObjLockWaitForever              
2000e54b  sl_Provisioning_HttpServerEventHdl    
2000e559  sl_Provisioning_NetAppEventHdl        
2000e565  sl_Provisioning_WlanEventHdl          
2000e571  DmaSpiSwIntHandler                    
2000e595  IntUnregister                         
2000e5b9  UARTEnable                            
2000e5dd  _c_int00_noargs                       
2000e601  GPIOIntStatus                         
2000e623  SPIReset                              
2000e645  SPIWordCountSet                       
2000e667  GPIOPinWrite                          
2000e689  IntRegister                           
2000e6a9  NwpPrePowerOffTimout0                 
2000e6c9  TimerGetCurrentTimestamp              
2000e6e9  _SlDrvObjUnLock                       
2000e709  _SlDrvSyncObjSignal                   
2000e729  GPIOIntRegister                       
2000e747  TimerEnable                           
2000e765  UARTCharPut                           
2000e783  UARTIntRegister                       
2000e7a1  UARTIntStatus                         
2000e7dd  PinTypeI2C                            
2000e7f9  SysTickIntRegister                    
2000e815  TimerValueGet                         
2000e831  UARTCharGetNonBlocking                
2000e84d  _SlDrvStartMeasureTimeout             
2000e885  memccpy                               
2000e8a1  uDMAChannelEnable                     
2000e8bd  GPIOIntEnable                         
2000e8d7  PinTypeSPI                            
2000e8f1  PinTypeUART                           
2000e90b  SPIDmaDisable                         
2000e925  SPIDmaEnable                          
2000e93f  SPIFIFODisable                        
2000e959  SPIFIFOEnable                         
2000e973  SPIIntUnregister                      
2000e98d  SPICSDisable                          
2000e9a5  SPICSEnable                           
2000e9bd  SPIDisable                            
2000e9d5  SPIEnable                             
2000e9ed  SysTickPeriodSet                      
2000ea05  UARTCharsAvail                        
2000ea1d  UARTIntEnable                         
2000ea35  _SlNonOsSemSet                        
2000ea95  __aeabi_lmul                          
2000eaad  PRCMHIBRegRead                        
2000eac3  PRCMHIBRegWrite                       
2000ead9  UARTCharGet                           
2000eaef  _SlDrvMemZero                         
2000eb05  strchr                                
2000eb1b  CPUcpsie                              
2000eb2f  GPIOIntClear                          
2000eb45  IntVTableBaseSet                      
2000eb59  strcpy                                
2000eb6d  strlen                                
2000eb81  UARTIntClear                          
2000eb93  wcslen                                
2000eba5  SysTickEnable                         
2000ebb5  SysTickIntEnable                      
2000ebc5  _SlDrvDispatchHttpServerEvents        
2000ebd5  _SlDrvResetCmdExt                     
2000ebe3  __TI_decompress_none                  
2000ebf1  ResetISR                              
2000ec01  NwpMaskInterrupt                      
2000ec0d  NwpUnMaskInterrupt                    
2000ec19  SysTickValueGet                       
2000ec25  copysign                              
2000ec25  copysignl                             
2000ec31  __TI_zero_init                        
2000ec3d  IntMasterEnable                       
2000ec51  __aeabi_errno_addr                    
2000ec59  malloc                                
2000ec61  UtilsDelay                            
2000ec67  _system_pre_init                      
2000ec6b  C$$EXIT                               
2000ec6b  abort                                 
2000f16b  _ctypes_                              
2000f4e8  OpcodeTranslateTable                  
2000f524  _SlActionLookupTable                  
2000f70a  _SlNetAppSendTokenValueCmdCtrl        
2000f750  __TI_static_base__                    
2000f7b8  __TI_Handler_Table_Base               
2000f7c4  __TI_Handler_Table_Limit              
2000f7d0  __TI_CINIT_Base                       
2000f7e0  __TI_CINIT_Limit                      
20017000  __start___llvm_prf_cnts               
20017000  __stop___llvm_prf_cnts                
20017000  _sys_memory                           
2001f000  getreqmsg                             
2001f71c  DATA1                                 
2001f81c  g_ucDinDout                           
2001f86c  get_message                           
2001f8bc  g_time                                
2001f8e8  g_ucConnectionSSID                    
2001f90c  g_app_config                          
2001f914  g_ucConnectionBSSID                   
2001f924  button                                
2001f928  g_Host                                
2001f92c  g_port                                
2001f930  RxIrqCnt                              
2001f931  g_bDeviceRestartIsRequired            
2001f932  g_cDummy                              
2001f938  g__SlNonOsCB                          
2001f974  errno                                 
2001f978  counter                               
2001f97c  gotmsg                                
2001f980  systick_expired                       
2001f988  ulsystick_delta_us                    
2001f990  buffer                                
2001f998  button_delay_us                       
2001f9a0  received                              
2001f9a4  lRetVal                               
2001f9a8  DATA1BEFORE                           
2001f9d0  cursor_x                              
2001f9d4  cursor_y                              
2001f9d8  textsize                              
2001f9dc  textcolor                             
2001f9e0  textbgcolor                           
2001f9e4  wrap                                  
2001f9e8  g_SlDeviceStatus                      
2001f9ec  g_pCB                                 
2001f9f0  pPingCallBackFunc                     
2001f9f8  g_ulStatus                            
2001f9fc  g_ulPingPacketsRecv                   
2001fa00  g_ulGatewayIP                         
2001fa04  DATA1AFTER                            
2001fa10  g_SpiFd                               
2001fa14  g_pHostIntHdl                         
2001fa18  g_ucDMAEnabled                        
2001fa1c  _lock                                 
2001fa20  _unlock                               
2002f000  __stack                               
20030000  __STACK_END                           
ffffffff  __TI_pprof_out_hndl                   
ffffffff  __TI_prof_data_size                   
ffffffff  __TI_prof_data_start                  
ffffffff  __binit__                             
ffffffff  __c_args__                            
ffffffff  binit                                 
UNDEFED   __mpu_init                            
UNDEFED   _system_post_cinit                    

[334 symbols]
